Device : cuda
GPU    : NVIDIA RTX A5000

Loading data …

Building model …
Total params     : 131,221,820
Trainable params : 131,221,820

================================================================================
 Epoch   TrainLoss   ClsLoss   GenLoss   TrainAcc   ValLoss   ValAcc   ValF1     AUC  Best
================================================================================
     1      2.4750    0.5456    6.9769     0.7233    2.0346   0.7545  0.6814  0.9214     *
     2      1.7147    0.3632    4.8682     0.8642    2.4201   0.8710  0.8608  0.9593     *
     3      1.3689    0.3179    3.8210     0.8907    3.9392   0.8685  0.8555  0.9621      
     4      0.8921    0.3014    2.2703     0.9007    4.5583   0.8680  0.8738  0.9528      
     5      0.7086    0.2971    1.6689     0.9041    4.9618   0.8622  0.8630  0.9439      
     6      0.6199    0.2833    1.4052     0.9111    5.2410   0.8552  0.8443  0.9412      
     7      0.5691    0.2667    1.2745     0.9207    5.3772   0.8555  0.8491  0.9425      
     8      0.5323    0.2518    1.1868     0.9290    5.3758   0.8775  0.8828  0.9587     *
     9      0.5067    0.2411    1.1264     0.9357    5.4805   0.8462  0.8384  0.9236      
    10      0.4879    0.2325    1.0841     0.9404    5.4998   0.8373  0.8234  0.9134      
    11      0.4727    0.2240    1.0530     0.9450    5.3596   0.8548  0.8537  0.9394      
    12      0.4579    0.2167    1.0209     0.9492    5.2941   0.8632  0.8611  0.9342      
    13      0.4478    0.2101    1.0025     0.9527    5.2548   0.8482  0.8532  0.9316      
    14      0.4377    0.2034    0.9843     0.9561    5.2188   0.8710  0.8690  0.9399      
    15      0.4296    0.1989    0.9681     0.9587    5.3259   0.8383  0.8243  0.9231      
    16      0.4221    0.1940    0.9544     0.9618    5.2219   0.8582  0.8555  0.9349      
    17      0.4151    0.1891    0.9425     0.9640    5.1444   0.8438  0.8504  0.9226      
    18      0.4122    0.1871    0.9374     0.9657    5.2439   0.8280  0.8194  0.9095      

Early stopping at epoch 18. Best val acc: 0.8775
================================================================================
Best val accuracy : 0.8775
Device : cuda
GPU    : NVIDIA RTX A5000

Loading data …

Building model …
Total params     : 131,221,820
Trainable params : 131,221,820

================================================================================
 Epoch   TrainLoss   ClsLoss   GenLoss   TrainAcc   ValLoss   ValAcc   ValF1     AUC  Best
================================================================================
    19      0.2568    0.1829    0.9216     0.9679    2.0384   0.8635  0.8665  0.9399      
    20      0.2512    0.1767    0.9215     0.9704    2.1285   0.8400  0.8310  0.9201      
    21      0.2481    0.1735    0.9196     0.9729    2.1474   0.8280  0.8387  0.9094      
    22      0.2437    0.1695    0.9112     0.9750    2.1704   0.8405  0.8480  0.9154      
    23      0.2399    0.1660    0.9051     0.9768    2.0902   0.8488  0.8564  0.9342      
    24      0.2362    0.1624    0.8998     0.9787    2.0412   0.8670  0.8657  0.9350      
    25      0.2314    0.1576    0.8956     0.9812    2.1152   0.8560  0.8527  0.9287      
    26      0.2296    0.1565    0.8870     0.9822    2.0886   0.8542  0.8485  0.9298      
    27      0.2262    0.1536    0.8794     0.9839    2.1201   0.8542  0.8530  0.9296      
    28      0.2218    0.1492    0.8749     0.9859    2.1201   0.8452  0.8571  0.9293      
    29      0.2199    0.1474    0.8723     0.9868    2.1574   0.8438  0.8354  0.9046      
    30      0.2169    0.1450    0.8640     0.9883    2.1090   0.8558  0.8562  0.9212      
    31      0.2150    0.1431    0.8621     0.9890    2.1560   0.8465  0.8462  0.8852      
    32      0.2120    0.1402    0.8576     0.9907    2.1574   0.8448  0.8404  0.9038      
    33      0.2095    0.1380    0.8529     0.9914    2.0892   0.8495  0.8560  0.9288      
    34      0.2056    0.1342    0.8487     0.9932    2.1088   0.8502  0.8594  0.9198      

Early stopping at epoch 34. Best val acc: 0.8775
================================================================================
Best val accuracy : 0.8775
Device : cuda
GPU    : NVIDIA RTX A5000

Loading data …

Building model …
Total params     : 131,221,820
Trainable params : 131,221,820

================================================================================
 Epoch   TrainLoss   ClsLoss   GenLoss   TrainAcc   ValLoss   ValAcc   ValF1     AUC  Best
================================================================================
    35      0.2135    0.1424    0.8531     0.9898    2.0464   0.8615  0.8580  0.9346      
    36      0.2098    0.1388    0.8485     0.9913    2.0772   0.8532  0.8560  0.9188      
    37      0.2085    0.1377    0.8456     0.9916    2.0847   0.8545  0.8541  0.9178      
    38      0.2064    0.1359    0.8406     0.9924    2.1670   0.8380  0.8332  0.8885      
    39      0.2040    0.1336    0.8379     0.9934    2.0663   0.8588  0.8603  0.9208      
    40      0.2022    0.1319    0.8345     0.9943    2.0918   0.8522  0.8481  0.8982      
    41      0.2016    0.1313    0.8341     0.9944    2.0861   0.8472  0.8451  0.9078      
    42      0.1990    0.1291    0.8281     0.9954    2.0534   0.8578  0.8594  0.9168      
    43      0.1974    0.1278    0.8240     0.9960    2.1494   0.8330  0.8235  0.8745      
    44      0.1963    0.1267    0.8227     0.9964    2.1166   0.8438  0.8357  0.8708      
    45      0.1952    0.1255    0.8227     0.9969    2.1176   0.8385  0.8292  0.8808      
    46      0.1942    0.1249    0.8173     0.9971    2.1306   0.8360  0.8274  0.8647      
    47      0.1936    0.1241    0.8186     0.9974    2.1380   0.8307  0.8186  0.8641      
    48      0.1927    0.1233    0.8166     0.9977    2.0162   0.8660  0.8677  0.9004      
