==============================================================================
DEEPFAKE INFERENCE
==============================================================================
Checkpoint : ./runs/intern_exp2/checkpoints/ep011.pth
Model      : ./models/InternVL3-2B
Images     : ['1.jpg', '2.jpg', '3.jpg', '4.jpg']
Image size : 448
Max tokens : 192
Beams      : 1
Device     : cuda
GPU        : NVIDIA RTX A5000

Loading tokenizer...
Building model...
Loading checkpoint: ./runs/intern_exp2/checkpoints/ep011.pth
Checkpoint epoch : 11
Checkpoint stage : joint
Missing keys      : 0
Unexpected keys   : 0

Model loaded successfully.

Processing: C:\Users\Admin\Desktop\ly project c 68\deepfake_project\1.jpg

==============================================================================
IMAGE       : 1.jpg
VERDICT     : FAKE
CONFIDENCE  : 66.71%
REAL PROB   : 33.29%
FAKE PROB   : 66.71%
==============================================================================

[MODEL GENERATED ANSWER] FAKE

[RAW MODEL OUTPUT]
  <answer> fake </answer> the image is likely AI-generated based on several observable visual anomalies. At first glance, the image appears realistic, but upon closer inspection, multiple structural inconsistencies become apparent. The facial features are not symmetrically aligned -- the eyes differ in size and shape, the nose appears off-center, and the mouth has an unnatural curve. Additionally, the proportions of the face deviate from typical human norms, particularly in the spacing between the eyes and the width of the forehead. These irregularities suggest artificial generation rather than a natural photograph. Further examination reveals subtle artifacts such as unnaturally sharp edges around the hairline and a lack of soft blending between the face and background. There is also an inconsistent blur around the ears and hair, which does not match the overall sharpness of the face. Finally, the lighting and shadow patterns on the face do not align with those in the background, indicating a mismatch in the source of light and rendering context
==============================================================================
Processing: C:\Users\Admin\Desktop\ly project c 68\deepfake_project\2.jpg

==============================================================================
IMAGE       : 2.jpg
VERDICT     : FAKE
CONFIDENCE  : 77.93%
REAL PROB   : 22.07%
FAKE PROB   : 77.93%
==============================================================================

[MODEL GENERATED ANSWER] FAKE

[RAW MODEL OUTPUT]
  <answer> fake </answer> the image appears to be fake based on several immediately noticeable visual inconsistencies. The face exhibits multiple structural irregularities, such as mismatched skin tones around the eyes and cheeks, asymmetrical eyes and eyebrows, and unnatural facial proportions. These are strong indicators of a digitally generated or manipulated image. Additionally, the expression lacks the natural muscle engagement typically seen in human faces, further reinforcing the artificial nature of the image. Considering the clear visual anomalies present, it is reasonable to conclude that the image is not authentic and likely the result of AI generation or digital manipulation.
  --- the key visual abnormalities are obvious and sufficient to classify the image as fake without needing to analyze more subtle or complex artifacts.
  --- no misleading artifacts were found to complicate the judgment. Based on the evident structural inconsistencies and unnatural facial features, it can confidently be determined that the image is not real and was likely generated by an AI.
  --- The image displays multiple
==============================================================================
Processing: C:\Users\Admin\Desktop\ly project c 68\deepfake_project\3.jpg

==============================================================================
IMAGE       : 3.jpg
VERDICT     : REAL
CONFIDENCE  : 82.33%
REAL PROB   : 82.33%
FAKE PROB   : 17.67%
==============================================================================

[MODEL GENERATED ANSWER] FAKE
[WARNING] Generated answer disagrees with the classifier head.

[RAW MODEL OUTPUT]
  <answer> fake </answer> The answer is clearly determined by the first observation: the facial expression appears unnatural, with a mismatch between the mouth and eye movements. The human face typically coordinates emotional expressions across all facial features--surprise should be reflected in the eyes as well as the mouth. However, here the eyes appear lifeless, lacking the natural crinkling that accompanies surprise. This subtle but telling inconsistency raises immediate suspicion about the image's authenticity. Given this single, unmistakable visual anomaly, the image is convincingly identified as AI-generated without needing further inspection. The unnatural coordination between the mouth and eye movement strongly suggests that the image is not a genuine photograph of a real person, but rather an artificial representation. Such clear expression mismatches are sufficient to classify this as an easy sample to detect as fake.
  --- Upon identifying the key expression abnormality and its relation to other missing high-frequency details, the reasoning becomes straightforward and effective in supporting the
==============================================================================
Processing: C:\Users\Admin\Desktop\ly project c 68\deepfake_project\4.jpg

==============================================================================
IMAGE       : 4.jpg
VERDICT     : REAL
CONFIDENCE  : 96.10%
REAL PROB   : 96.10%
FAKE PROB   : 3.90%
==============================================================================

[MODEL GENERATED ANSWER] REAL

[RAW MODEL OUTPUT]
  <answer> real </answer> The image appears to be authentic at a glance, with no obvious signs of manipulation or artificial generation. Upon visual inspection, the facial structure is proportionate and symmetrical, with consistent skin tone and natural expression, indicating no apparent structural anomalies. Further examination reveals that the edges and textures are smooth and realistic, without any unnatural blurring or missing high-frequency details such as hair strands and fabric texture. There are also no visible blending boundaries or blocky artifacts commonly found in synthetic images. Deeper analysis of physical plausibility shows consistent lighting and shadowing, coherent makeup application, and a natural focus across depth planes, all aligning with real-world photographic properties. Based on the absence of structural flaws, subtle generator artifacts, and violations of physical laws, the image is determined to be authentic. It exhibits characteristics typical of a high-quality photograph, requiring only moderate scrutiny to confirm its legitimacy. The image is judged to be real,
==============================================================================

==============================================================================
SUMMARY
==============================================================================
IMAGE                     VERDICT    CONFIDENCE   GENERATED   
------------------------------------------------------------------------------
1.jpg                     FAKE       66.71%       FAKE        
2.jpg                     FAKE       77.93%       FAKE        
3.jpg                     REAL       82.33%       FAKE        
4.jpg                     REAL       96.10%       REAL        
==============================================================================
Log saved to: C:\Users\Admin\Desktop\ly project c 68\deepfake_project\runs\inference_logs\inference_ep011_20260824_100610.log
Done.
