Device : cuda
GPU    : NVIDIA RTX A5000

Loading data …

Building model …
Device : cuda
GPU    : NVIDIA RTX A5000

Loading data …

Building model …
Device : cuda
GPU    : NVIDIA RTX A5000

Loading data …

Building model …
Device : cuda
GPU    : NVIDIA RTX A5000

Loading data …

Building model …
Total params     : 138,579,260
Trainable params : 79,476,284

================================================================================
 Epoch   TrainLoss   ClsLoss   GenLoss   TrainAcc   ValLoss   ValAcc   ValF1     AUC  Best
================================================================================
Device : cuda
GPU    : NVIDIA RTX A5000

Loading data …

Building model …
Total params     : 138,579,260
Trainable params : 79,476,284

================================================================================
 Epoch   TrainLoss   ClsLoss   GenLoss   TrainAcc   ValLoss   ValAcc   ValF1     AUC  Best
================================================================================
Device : cuda
GPU    : NVIDIA RTX A5000

Loading data …

Building model …
Total params     : 138,579,260
Trainable params : 79,476,284

================================================================================
 Epoch   TrainLoss   ClsLoss   GenLoss   TrainAcc   ValLoss   ValAcc   ValF1     AUC  Best
================================================================================
     1      1.9560    0.3696    5.6576     0.8521    3.1539   0.8490  0.8521  0.9355     *
     2      0.8643    0.2394    2.3223     0.9377    4.8728   0.8590  0.8510  0.9425     *
     3      0.5539    0.2137    1.3475     0.9523    4.8938   0.8700  0.8704  0.9501     *
     4      0.4687    0.1936    1.1106     0.9636    4.7483   0.8660  0.8673  0.9481      
     5      0.4258    0.1757    1.0095     0.9721    4.7819   0.8788  0.8791  0.9458     *
     6      0.4021    0.1697    0.9443     0.9763    4.8655   0.8532  0.8501  0.9245      
     7      0.3864    0.1643    0.9047     0.9793    4.6353   0.8782  0.8831  0.9213      
     8      0.3775    0.1655    0.8721     0.9794    4.6286   0.9045  0.9056  0.9668     *
     9      0.3609    0.1531    0.8460     0.9842    4.7055   0.8570  0.8622  0.9444      
    10      0.3514    0.1502    0.8209     0.9851    4.7093   0.8660  0.8776  0.9586      
    11      0.3448    0.1491    0.8015     0.9863    4.6412   0.8685  0.8772  0.9584      
    12      0.3367    0.1436    0.7875     0.9885    4.7097   0.8535  0.8552  0.9410      
    13      0.3300    0.1412    0.7707     0.9896    4.6619   0.8810  0.8883  0.9667      
    14      0.3228    0.1370    0.7564     0.9914    4.7458   0.8648  0.8762  0.9604      
    15      0.3180    0.1348    0.7454     0.9923    4.7330   0.8748  0.8832  0.9562      
    16      0.3131    0.1330    0.7335     0.9930    4.8562   0.8417  0.8465  0.9115      

Early stopping at epoch 16. Best val acc: 0.9045
================================================================================
Best val accuracy : 0.9045
