Inference log : ./runs/intern_exp3_corrective/logs\inference_best_20260922_120453.log
Checkpoint    : ./runs/intern_exp3_corrective/checkpoints/best.pth
Images        : ['test_images/1.jpg', 'test_images/2.jpg', 'test_images/3.jpg', 'test_images/om.jpg']
Device        : cuda
GPU           : NVIDIA RTX A5000

Loading model ...
Loading checkpoint: ./runs/intern_exp3_corrective/checkpoints/best.pth
  epoch=3  stage=?  missing=0  unexpected=0

Processing 4 image(s) ...


============================================================
  Image             : 1.jpg
  Classifier verdict: FAKE  (conf 77.7%)
============================================================

  [Quick take]
    At first glance, the image appears realistic and does not raise immediate suspicion regarding its authenticity.

  [Reasoning]
    Upon closer inspection, several subtle but telling anomalies emerge. The facial structure shows slight asymmetry in the eyes and eyebrows, with an unnatural curvature in the mouth that deviates from typical human proportions. These are not glaring errors but are consistent with artifacts commonly found in AI-generated faces. Additionally, the skin texture is unusually smooth, lacking natural pores or fine lines, which is a known artifact of generative models. While lighting and shadows appear physically plausible and there are no obvious blending issues, the overall stylized look of the face further supports the hypothesis of artificial generation.

  [Conclusion]
    Considering the combination of minor structural irregularities, generator-specific artifacts, and a slightly stylized appearance, it is reasonable to conclude that the image is likely AI-generated rather than a photograph of a real person.

  Generated answer : FAKE
============================================================

============================================================
  Image             : 2.jpg
  Classifier verdict: FAKE  (conf 84.0%)
============================================================

  [Quick take]
    At first glance, the image appears realistic and does not raise immediate suspicion regarding its authenticity.

  [Reasoning]
    Upon closer inspection, several subtle but telling anomalies emerge. The facial structure shows slight asymmetry in the eyes and eyebrows, with an unnatural curvature in the nose that deviates from typical human proportions. Additionally, the expression around the mouth lacks natural muscle tension, appearing stiff and artificial. These are early indicators of potential manipulation.
    Further examination reveals more nuanced artifacts introduced by generative models. The skin texture is overly smooth, missing fine details like pores or blemishes, which are common in real photographs. A faint blending boundary is also noticeable around the hairline and jawline, suggesting a composite origin where different elements were stitched together.
    While no clear violations of physical laws are present, there is a subtle mismatch in lighting between the face and the background, indicating inconsistent illumination sources. This shadow misalignment hints at post-processing rather than natural photographic conditions.

  [Conclusion]
    Considering the combination of minor structural irregularities, generator-specific artifacts, and inconsistencies in lighting, it is reasonable to conclude that the image has been artificially generated or manipulated. While not immediately obvious, these cumulative clues point toward a synthetic origin.

  Generated answer : FAKE
============================================================

============================================================
  Image             : 3.jpg
  Classifier verdict: REAL  (conf 64.6%)
============================================================

  [Quick take]
    At first glance, the image appears authentic with no obvious signs of manipulation or artificial generation.

  [Reasoning]
    The facial structure is natural and symmetrical, with consistent skin tone and realistic proportions. There are no visible distortions in expression or anatomy that would raise suspicion. Upon closer inspection, the edges and textures appear smooth and organic, without the telltale signs of AI generation such as unnatural blurring or missing high-frequency details like pores. Furthermore, the lighting and shadows behave in a physically plausible manner, and there are no inconsistencies between the subject and the background. All visual cues align with what one would expect from a real photograph.

  [Conclusion]
    Considering all observed characteristics--natural facial structure, absence of generator artifacts, and adherence to physical realism--the image shows no evidence of being fake and can be confidently judged as authentic.

  Generated answer : REAL
============================================================

============================================================
  Image             : om.jpg
  Classifier verdict: FAKE  (conf 88.0%)
============================================================

  [Quick take]
    At first glance, the image appears highly realistic and does not exhibit any obvious signs of being fake.

  [Planning]
    To assess this image thoroughly, we must proceed in stages: first examining for visual structural abnormalities that might be immediately apparent, then inspecting for subtle artifacts typically introduced by generative models, and finally evaluating whether the image adheres to real-world physical constraints such as lighting behavior and contextual coherence.

  [Reasoning]
    However, due to its high quality and lack of glaring inconsistencies, a deeper forensic analysis is necessary to determine its authenticity.

  [Conclusion]
    After analyzing the image through multiple layers of scrutiny--structural integrity, generator-specific artifacts, and physical plausibility--no compelling evidence of artificial generation or manipulation is found. The image remains convincing under detailed examination and appears to be authentic.

  Generated answer : REAL
  [WARNING] reasoning answer (REAL) disagrees with classifier (FAKE)
============================================================

============================================================
SUMMARY
============================================================
  Image           Verdict  Confidence
  --------------- -------- ----------
  1.jpg           FAKE     77.7%
  2.jpg           FAKE     84.0%
  3.jpg           REAL     64.6%
  om.jpg          FAKE     88.0%
============================================================

Log saved to: ./runs/intern_exp3_corrective/logs\inference_best_20260922_120453.log
Done.
