Inference log : .\runs\intern_exp3_corrective\logs\inference_best_20260831_093031.log
Checkpoint    : .\runs\intern_exp3_corrective\checkpoints\best.pth
Images        : ['1.jpg', '2.jpg', '3.jpg', '4.jpg', '5.jpg', '6.jpg', '10.jpg']
Device        : cuda
GPU           : NVIDIA RTX A5000

Loading model ...
Loading checkpoint: .\runs\intern_exp3_corrective\checkpoints\best.pth
  epoch=1  stage=?  missing=0  unexpected=0

Processing 7 image(s) ...


============================================================
  Image             : 1.jpg
  Classifier verdict: FAKE  (conf 81.5%)
============================================================

  [Quick take]
    At first glance, the image appears realistic and does not raise immediate suspicion regarding its authenticity.

  [Planning]
    To determine whether this image is AI-generated, I must proceed through a multi-stage analysis: first confirming that no obvious structural issues are present, then inspecting for subtle generator artifacts, and finally evaluating whether any aspects of the image defy real-world physical constraints or expectations.

  [Reasoning]
    The facial structure shows no clear signs of manipulation--proportions are natural, symmetry is well-maintained, and expression appears genuine. There are no visible color mismatches or edge distortions that would immediately suggest artificial generation. However, upon closer inspection, the skin texture lacks fine detail and high-frequency variation typically found in real human faces, which is a known artifact of generative models. Additionally, while lighting, shadows, and focus appear consistent with real photography, the overall smoothness and stylized appearance hint at algorithmic influence. These clues are not definitive but accumulate to form a compelling case for artificial origin.

  [Reflection]
    While the image passes initial scrutiny and displays no glaring inconsistencies, deeper examination reveals subtle but telling signs of AI generation. The lack of natural skin texture and high-frequency detail, combined with a slightly stylized realism, leads to the conclusion that the image is likely synthetic. This aligns with the characteristics of medium-difficulty samples, where authenticity cannot be determined quickly but can be assessed through methodical analysis.

  [Conclusion]
    Considering all observed elements, the image appears highly realistic at first glance but contains subtle artifacts indicative of AI generation. It is not definitively fake, but the cumulative evidence supports the conclusion that it is likely an AI-generated image rather than a photograph of a real person.

  Generated answer : FAKE
============================================================

============================================================
  Image             : 2.jpg
  Classifier verdict: FAKE  (conf 87.2%)
============================================================

  [Quick take]
    At first glance, the image appears realistic and does not raise immediate suspicion.

  [Planning]
    To determine the authenticity of the image, we must proceed through a structured forensic analysis. Since no obvious structural issues are present, we must examine more subtle artifacts that may indicate AI generation. Finally, we must assess whether any elements violate real-world physical constraints to further support our judgment.

  [Reasoning]
    Upon closer inspection, several subtle but telling signs emerge. The skin texture is unusually smooth in certain areas, lacking natural pores and fine lines typically found in real human faces. Additionally, there is a slight blurriness around the eyes and mouth--features that would normally be sharp in genuine photographs. While the overall structure and proportions of the face appear normal, the absence of high-frequency details such as individual hairs and skin imperfections suggests artificial generation. These artifacts are not immediately apparent but become evident with focused scrutiny.

  [Conclusion]
    While the image initially appears authentic, a detailed examination reveals subtle yet consistent indicators of AI generation, including unnatural skin texture, missing fine details, and minor blurring. These clues, though not overt, collectively suggest that the image is likely synthetic.

  Generated answer : FAKE
============================================================

============================================================
  Image             : 3.jpg
  Classifier verdict: REAL  (conf 58.2%)
============================================================

  [Quick take]
    At first glance, the image appears realistic and does not raise immediate suspicion regarding its authenticity.

  [Planning]
    Given the lack of obvious visual anomalies, a structured approach is necessary to evaluate the image's authenticity. This involves a progressive analysis: starting with structural coherence, followed by examination of subtle generator artifacts, and finally assessing for violations of physical plausibility. Each layer builds upon the previous one to form a comprehensive judgment.

  [Reasoning]
    The facial structure appears proportionate and symmetrical, with consistent skin tone and natural expression, ruling out any immediate signs of manipulation or face-swapping. There are no visible distortions in facial proportions, which supports the initial impression of realism.
    Upon closer inspection, however, subtle inconsistencies emerge. The edges around the hairline and jaw appear unnaturally sharp, lacking the soft transitions typically seen in real photographs. The skin texture is also overly smooth, missing fine details such as pores and micro-variations that are characteristic of real human skin. Additionally, there is a slight but noticeable blending boundary where the face meets the background, suggesting a composite origin.
    While lighting, shadows, and focus appear physically plausible and consistent across the image, the overall look feels slightly stylized--too perfect to be entirely natural. These cues, though not immediately apparent, point toward artificial generation rather than a genuine photograph.

  [Reflection]
    However, the very perfection of the image may itself be a misleading artifact. Realistic images often exhibit an unnatural level of detail and coherence, which can mask underlying synthetic origins. This makes the determination more nuanced than it initially seems.

  [Conclusion]
    Considering all observed elements, the image is likely AI-generated. While it passes basic visual checks for structural realism, deeper inspection reveals telltale signs such as artificial edge sharpness, overly smooth skin texture, and subtle blending issues. These collectively indicate that the image is not a genuine photograph, but rather a highly realistic synthetic image.

  Generated answer : FAKE
  [WARNING] reasoning answer (FAKE) disagrees with classifier (REAL)
============================================================

============================================================
  Image             : 4.jpg
  Classifier verdict: REAL  (conf 94.5%)
============================================================

  [Quick take]
    At first glance, the image appears authentic with no obvious signs of manipulation.

  [Reasoning]
    Upon closer inspection, the facial structure is natural and symmetrical, with consistent skin tone and realistic proportions. There are no visible distortions or mismatches in expression that would suggest a face swap or artificial generation. The edges and textures appear smooth and organic, without jagged lines or unnatural blurring. High-frequency details such as fine skin texture are present, which are often missing in fake images. Lighting and shadows align naturally across the face, and there are no inconsistencies between the subject and the background. No stylization or optical focus discrepancies are observed that would violate physical realism.

  [Conclusion]
    Considering all visual, structural, and contextual elements, the image shows no significant signs of being artificially generated or manipulated. It aligns with the characteristics of a real photograph.

  Generated answer : REAL
============================================================

============================================================
  Image             : 5.jpg
  Classifier verdict: FAKE  (conf 99.9%)
============================================================

  [Quick take]
    At first glance, the image appears highly realistic and does not exhibit any obvious signs of being fake. The facial structure, expression, and lighting all seem natural, making it difficult to determine its authenticity without deeper inspection.

  [Planning]
    To accurately assess the image's authenticity, a progressive analysis is necessary. Starting with visual structural integrity ensures that no glaring anomalies are missed. Then, attention must shift to subtle artifacts that may indicate AI generation, followed by a critical evaluation of physical plausibility, as high-quality fakes often lack overt inconsistencies but may display unnatural stylization or optical behavior.

  [Reasoning]
    Upon closer inspection, the image maintains consistent skin tone and realistic proportions, with no visible distortions in facial features or expressions. These aspects align with what one would expect from a real photograph. However, subtle indicators begin to emerge: the skin texture appears unnaturally smooth, lacking the fine details such as pores and micro-variations typically found in real human skin. This absence of high-frequency detail is a known artifact of generative models, which struggle to reproduce such minute textures convincingly.
    To dive deeper, the image exhibits a level of stylized perfection that is rare in real-world photographs. While lighting, shadows, and focus appear physically plausible, the overall aesthetic carries a slightly artificial quality. It is not immediately apparent, but this kind of uniformity becomes noticeable when considered alongside the lack of natural skin imperfections.

  [Conclusion]
    Considering the absence of structural flaws, the presence of subtle textural smoothing, and the stylized realism, the image likely originates from an AI generator. It is not easily detectable at first glance, but upon careful scrutiny, these clues suggest synthetic origin.

  Generated answer : FAKE
============================================================

============================================================
  Image             : 6.jpg
  Classifier verdict: REAL  (conf 77.6%)
============================================================

  [Quick take]
    At first glance, the image appears authentic with no obvious signs of manipulation. The facial features are well-proportioned and symmetrical, with consistent skin tone and natural expression, ruling out structural abnormalities. Upon closer inspection, the edges and textures appear smooth and realistic without any artificial sharpness or unnatural blurring, indicating no generator-based artifacts. Furthermore, the lighting, shadows, and focus align with real-world physics and camera behavior, confirming no violation of physical laws. Considering all visual, subtle, and physical aspects, the image shows no signs of being fake and is confidently judged as authentic. <fast>

  Generated answer : UNKNOWN
============================================================

============================================================
  Image             : 10.jpg
  Classifier verdict: FAKE  (conf 96.9%)
============================================================

  [Quick take]
    At first glance, the image appears highly realistic and does not exhibit any obvious signs of being fake.

  [Reasoning]
    Upon closer inspection, the facial structure, proportions, and expressions all appear natural and consistent with real human features. There are no visible distortions or mismatches in color, symmetry, or lighting that would raise immediate suspicion. However, subtle indicators begin to emerge: the skin texture is unusually smooth and lacks the natural variation seen in real skin, such as pores or fine lines. Additionally, there is a slight blurriness around key facial features like the eyes and mouth, which could indicate limitations in the generator's ability to render high-frequency detail. These artifacts are not immediately apparent but become noticeable when examined critically.

  [Conclusion]
    While the image passes initial visual scrutiny, the presence of subtle generation artifacts--particularly the lack of fine skin detail and minor blurring--suggests it may be AI-generated. This places the sample in the medium difficulty category, requiring careful observation to detect its artificial nature.

  Generated answer : FAKE
============================================================

============================================================
SUMMARY
============================================================
  Image           Verdict  Confidence
  --------------- -------- ----------
  1.jpg           FAKE     81.5%
  2.jpg           FAKE     87.2%
  3.jpg           REAL     58.2%
  4.jpg           REAL     94.5%
  5.jpg           FAKE     99.9%
  6.jpg           REAL     77.6%
  10.jpg          FAKE     96.9%
============================================================

Log saved to: .\runs\intern_exp3_corrective\logs\inference_best_20260831_093031.log
Done.
