Inference log : ./runs/intern_exp3_corrective/logs\inference_best_20260922_121157.log
Checkpoint    : ./runs/intern_exp3_corrective/checkpoints/best.pth
Images        : ['test_images/omi.jpg']
Device        : cuda
GPU           : NVIDIA RTX A5000

Loading model ...
Loading checkpoint: ./runs/intern_exp3_corrective/checkpoints/best.pth
  epoch=3  stage=?  missing=0  unexpected=0

Processing 1 image(s) ...


============================================================
  Image             : omi.jpg
  Classifier verdict: FAKE  (conf 75.6%)
============================================================

  [Quick take]
    At first glance, the image appears highly realistic and does not exhibit any obvious signs of being fake. The facial structure, expression, and lighting all seem natural, making it difficult to determine its authenticity without deeper inspection.

  [Planning]
    To accurately assess the image's authenticity, a progressive analysis is necessary. Starting with visual structural integrity ensures that no glaring anomalies are missed. Then, attention must shift to subtle artifacts that may indicate AI generation, followed by a critical evaluation of physical plausibility, as high-quality fakes often lack obvious flaws but may exhibit inconsistencies under closer scrutiny.

  [Reasoning]
    Upon close inspection, the image maintains consistent skin tone and realistic proportions across facial features, with no distortion or asymmetry. The edges and textures appear smooth and lifelike, with no visible block boundaries or unnatural blurring. Lighting and shadows behave in a physically plausible manner, and there is no mismatch between the subject and the background. However, a more detailed examination reveals a slight uniformity in the skin texture--lacking the natural variation typically seen in real human faces. This subtle artifact, while not immediately noticeable, suggests the involvement of a generative model aiming for realism but falling short in fine-grained detail reproduction.

  [Reflection]
    While the image passes initial visual checks for structural realism and physical consistency, the absence of high-frequency skin details becomes a key indicator of artificial generation. These subtleties, though not overtly detectable, point toward AI manipulation rather than a genuine photograph. This ambiguity aligns with the characteristics of hard-level samples, where authenticity cannot be determined through surface-level cues alone.

  [Conclusion]
    Although the image exhibits no clear structural or physical inconsistencies, the presence of a subtle yet telling artifact--slightly uniform skin texture lacking natural variation--suggests that it may have been generated by an AI. Given the sophistication of modern synthetic images, this sample falls into the hard category, requiring methodical analysis to detect its artificial nature.

  Generated answer : FAKE
============================================================

============================================================
SUMMARY
============================================================
  Image           Verdict  Confidence
  --------------- -------- ----------
  omi.jpg         FAKE     75.6%
============================================================

Log saved to: ./runs/intern_exp3_corrective/logs\inference_best_20260922_121157.log
Done.
