13:41:21 | Device: cuda
13:41:21 | GPU   : NVIDIA RTX A5000
13:41:21 | VRAM  : 25.8 GB
13:41:21 | Loading data ...
13:42:48 | Building model ...
13:42:53 | Loading model weights from: ./runs/intern_exp2/checkpoints/ep010.pth
13:42:56 |   epoch=10  missing=0  unexpected=0
13:42:56 | Froze 16 tensors (cls_head=True, projector=True)
13:42:56 | Trainable after freeze: 73,990,788 (3.41%)
13:42:56 | Optimizer groups: LoRA=392 tensors, custom=4 tensors
13:42:56 | ======================================================================
13:42:56 |   batch_size=4  grad_accum=8  eff_batch=32
13:42:56 |   lm_seq_len=512  lm_loss_weight=0.3
13:42:56 |   epochs_cls=0  epochs_joint=2
13:42:56 |   lr=1e-05  lora_rank=64
13:42:56 |   steps/epoch=8841  total_steps=17682
13:42:56 |   logs → ./runs/intern_exp3_corrective\logs
13:42:56 | ======================================================================
13:42:56 |   Ep    Stage   TrLoss   TrAcc   VaLoss   VaAcc   VaAUC  Best
13:42:56 | ======================================================================
13:45:00 | Ep 1 | Step 0/8841 | Loss 0.8104 | Cls 0.4316 | LM 1.2628
09:48:18 | Device: cuda
09:48:18 | GPU   : NVIDIA RTX A5000
09:48:18 | VRAM  : 25.8 GB
09:48:18 | Loading data ...
09:49:54 | Building model ...
09:49:59 | Loading model weights from: ./runs/intern_exp2/checkpoints/ep010.pth
09:50:02 |   epoch=10  missing=0  unexpected=0
09:50:02 | Froze 16 tensors (cls_head=True, projector=True)
09:50:02 | Trainable after freeze: 73,990,788 (3.41%)
09:50:02 | Optimizer groups: LoRA=392 tensors, custom=4 tensors
09:50:02 | ======================================================================
09:50:02 |   batch_size=4  grad_accum=8  eff_batch=32
09:50:02 |   lm_seq_len=512  lm_loss_weight=0.3
09:50:02 |   epochs_cls=0  epochs_joint=2
09:50:02 |   lr=1e-05  lora_rank=64
09:50:02 |   steps/epoch=8841  total_steps=17682
09:50:02 |   logs → ./runs/intern_exp3_corrective\logs
09:50:02 | ======================================================================
09:50:02 |   Ep    Stage   TrLoss   TrAcc   VaLoss   VaAcc   VaAUC  Best
09:50:02 | ======================================================================
09:52:03 | Ep 1 | Step 0/8841 | Loss 0.7488 | Cls 0.4187 | LM 1.1002
10:00:59 | Ep 1 | Step 200/8841 | Loss 0.9517 | Cls 0.5418 | LM 1.3663
10:09:51 | Ep 1 | Step 400/8841 | Loss 0.8316 | Cls 0.3900 | LM 1.4720
10:18:40 | Ep 1 | Step 600/8841 | Loss 0.7011 | Cls 0.3024 | LM 1.3289
10:27:30 | Ep 1 | Step 800/8841 | Loss 0.7783 | Cls 0.3973 | LM 1.2700
10:36:30 | Ep 1 | Step 1000/8841 | Loss 0.8624 | Cls 0.4131 | LM 1.4980
10:46:17 | Ep 1 | Step 1200/8841 | Loss 0.9625 | Cls 0.5366 | LM 1.4197
11:03:30 | Ep 1 | Step 1400/8841 | Loss 0.7443 | Cls 0.3761 | LM 1.2273
11:12:28 | Ep 1 | Step 1600/8841 | Loss 0.9914 | Cls 0.5252 | LM 1.5539
11:20:55 | Ep 1 | Step 1800/8841 | Loss 0.8557 | Cls 0.4940 | LM 1.2055
11:29:51 | Ep 1 | Step 2000/8841 | Loss 1.2863 | Cls 1.0183 | LM 0.8932
11:38:20 | Ep 1 | Step 2200/8841 | Loss 0.7072 | Cls 0.3978 | LM 1.0311
11:46:35 | Ep 1 | Step 2400/8841 | Loss 0.6370 | Cls 0.3610 | LM 0.9199
11:55:02 | Ep 1 | Step 2600/8841 | Loss 0.6947 | Cls 0.3753 | LM 1.0647
12:04:39 | Ep 1 | Step 2800/8841 | Loss 0.6468 | Cls 0.3461 | LM 1.0024
13:11:53 | Ep 1 | Step 3000/8841 | Loss 0.6076 | Cls 0.3209 | LM 0.9558
13:21:29 | Ep 1 | Step 3200/8841 | Loss 0.5519 | Cls 0.2288 | LM 1.0771
13:30:16 | Ep 1 | Step 3400/8841 | Loss 0.7537 | Cls 0.4788 | LM 0.9164
13:38:59 | Ep 1 | Step 3600/8841 | Loss 0.5863 | Cls 0.2833 | LM 1.0102
13:47:43 | Ep 1 | Step 3800/8841 | Loss 0.7050 | Cls 0.4745 | LM 0.7683
13:56:26 | Ep 1 | Step 4000/8841 | Loss 0.7194 | Cls 0.5201 | LM 0.6644
14:05:14 | Ep 1 | Step 4200/8841 | Loss 0.5306 | Cls 0.3690 | LM 0.5387
14:13:57 | Ep 1 | Step 4400/8841 | Loss 0.5368 | Cls 0.3149 | LM 0.7395
14:22:42 | Ep 1 | Step 4600/8841 | Loss 0.5134 | Cls 0.2924 | LM 0.7368
14:31:26 | Ep 1 | Step 4800/8841 | Loss 0.5455 | Cls 0.2845 | LM 0.8699
14:40:09 | Ep 1 | Step 5000/8841 | Loss 0.8141 | Cls 0.6727 | LM 0.4714
14:48:52 | Ep 1 | Step 5200/8841 | Loss 0.5306 | Cls 0.2806 | LM 0.8332
14:57:36 | Ep 1 | Step 5400/8841 | Loss 0.6285 | Cls 0.3565 | LM 0.9066
15:06:20 | Ep 1 | Step 5600/8841 | Loss 0.3627 | Cls 0.2179 | LM 0.4826
15:15:04 | Ep 1 | Step 5800/8841 | Loss 0.8051 | Cls 0.6469 | LM 0.5273
15:23:48 | Ep 1 | Step 6000/8841 | Loss 0.4636 | Cls 0.2310 | LM 0.7754
15:32:32 | Ep 1 | Step 6200/8841 | Loss 0.8344 | Cls 0.5109 | LM 1.0785
15:41:16 | Ep 1 | Step 6400/8841 | Loss 0.4893 | Cls 0.2968 | LM 0.6417
15:49:59 | Ep 1 | Step 6600/8841 | Loss 0.6118 | Cls 0.3947 | LM 0.7238
15:58:44 | Ep 1 | Step 6800/8841 | Loss 0.6725 | Cls 0.4366 | LM 0.7864
16:07:32 | Ep 1 | Step 7000/8841 | Loss 0.6495 | Cls 0.4674 | LM 0.6069
16:16:22 | Ep 1 | Step 7200/8841 | Loss 0.8242 | Cls 0.6571 | LM 0.5570
16:25:13 | Ep 1 | Step 7400/8841 | Loss 0.6976 | Cls 0.3144 | LM 1.2775
16:34:04 | Ep 1 | Step 7600/8841 | Loss 0.8221 | Cls 0.6709 | LM 0.5042
16:42:54 | Ep 1 | Step 7800/8841 | Loss 0.6853 | Cls 0.5034 | LM 0.6062
16:51:45 | Ep 1 | Step 8000/8841 | Loss 0.4830 | Cls 0.2452 | LM 0.7926
17:00:35 | Ep 1 | Step 8200/8841 | Loss 0.6660 | Cls 0.4912 | LM 0.5826
17:09:25 | Ep 1 | Step 8400/8841 | Loss 0.4903 | Cls 0.3143 | LM 0.5867
17:18:16 | Ep 1 | Step 8600/8841 | Loss 0.5637 | Cls 0.3934 | LM 0.5677
17:27:05 | Ep 1 | Step 8800/8841 | Loss 0.6600 | Cls 0.5288 | LM 0.4372
17:32:53 |    1    joint   0.7124  0.8345   0.4174  0.8582  0.9431     *
17:33:01 |   Saved: ./runs/intern_exp3_corrective\checkpoints\ep001.pth
17:33:12 |   Saved: ./runs/intern_exp3_corrective\checkpoints\best.pth
17:35:47 | Ep 2 | Step 0/8841 | Loss 0.4822 | Cls 0.3224 | LM 0.5328
17:44:38 | Ep 2 | Step 200/8841 | Loss 0.6795 | Cls 0.5037 | LM 0.5861
17:53:28 | Ep 2 | Step 400/8841 | Loss 0.9376 | Cls 0.7691 | LM 0.5617
18:02:19 | Ep 2 | Step 600/8841 | Loss 0.6919 | Cls 0.5466 | LM 0.4844
18:11:10 | Ep 2 | Step 800/8841 | Loss 0.7055 | Cls 0.4052 | LM 1.0008
18:20:00 | Ep 2 | Step 1000/8841 | Loss 0.5755 | Cls 0.3335 | LM 0.8069
09:44:20 | Device: cuda
09:44:20 | GPU   : NVIDIA RTX A5000
09:44:20 | VRAM  : 25.8 GB
09:44:20 | Loading data ...
09:46:07 | Building model ...
09:46:13 | Loading model weights from: ./runs/intern_exp2/checkpoints/ep010.pth
09:46:18 |   epoch=10  missing=0  unexpected=0
09:46:18 | Froze 16 tensors (cls_head=True, projector=True)
09:46:18 | Trainable after freeze: 73,990,788 (3.41%)
09:46:18 | Optimizer groups: LoRA=392 tensors, custom=4 tensors
09:46:18 | ======================================================================
09:46:18 |   batch_size=4  grad_accum=8  eff_batch=32
09:46:18 |   lm_seq_len=512  lm_loss_weight=0.3
09:46:18 |   epochs_cls=0  epochs_joint=2
09:46:18 |   lr=1e-05  lora_rank=64
09:46:18 |   steps/epoch=8841  total_steps=17682
09:46:18 |   logs → ./runs/intern_exp3_corrective\logs
09:46:18 | ======================================================================
09:46:18 |   Ep    Stage   TrLoss   TrAcc   VaLoss   VaAcc   VaAUC  Best
09:46:18 | ======================================================================
09:48:33 | Ep 1 | Step 0/8841 | Loss 0.7533 | Cls 0.3433 | LM 1.3665
09:58:07 | Device: cuda
09:58:07 | GPU   : NVIDIA RTX A5000
09:58:07 | VRAM  : 25.8 GB
09:58:07 | Loading data ...
09:59:41 | Building model ...
09:59:46 | Froze 16 tensors (cls_head=True, projector=True)
09:59:46 | Trainable after freeze: 73,990,788 (3.41%)
09:59:46 | Optimizer groups: LoRA=392 tensors, custom=4 tensors
09:59:51 | Resumed from epoch 1, best AUC=0.9431
09:59:51 | ======================================================================
09:59:51 |   batch_size=4  grad_accum=8  eff_batch=32
09:59:51 |   lm_seq_len=512  lm_loss_weight=0.3
09:59:51 |   epochs_cls=0  epochs_joint=5
09:59:51 |   lr=1e-05  lora_rank=64
09:59:51 |   steps/epoch=8841  total_steps=44205
09:59:51 |   logs → ./runs/intern_exp3_corrective\logs
09:59:51 | ======================================================================
09:59:51 |   Ep    Stage   TrLoss   TrAcc   VaLoss   VaAcc   VaAUC  Best
09:59:51 | ======================================================================
10:01:52 | Ep 2 | Step 0/8841 | Loss 0.6469 | Cls 0.4330 | LM 0.7131
10:16:50 | Ep 2 | Step 200/8841 | Loss 0.5508 | Cls 0.3800 | LM 0.5696
10:26:52 | Ep 2 | Step 400/8841 | Loss 0.6877 | Cls 0.4339 | LM 0.8458
09:20:16 | Device: cuda
09:20:16 | GPU   : NVIDIA RTX A5000
09:20:16 | VRAM  : 25.8 GB
09:20:16 | Loading data ...
09:22:00 | Building model ...
09:22:07 | Loading model weights from: ./runs/intern_exp3_corrective/checkpoints/ep001.pth
09:22:11 |   epoch=1  missing=0  unexpected=0
09:22:11 | Froze 12 tensors (cls_head=False, projector=True)
09:22:12 | Trainable after freeze: 74,515,846 (3.43%)
09:22:12 | Optimizer groups: LoRA=392 tensors, custom=8 tensors
09:22:12 | ======================================================================
09:22:12 |   batch_size=4  grad_accum=8  eff_batch=32
09:22:12 |   lm_seq_len=512  lm_loss_weight=0.12
09:22:12 |   epochs_cls=0  epochs_joint=2
09:22:12 |   lr=5e-06  lora_rank=64
09:22:12 |   steps/epoch=8841  total_steps=17682
09:22:12 |   logs → ./runs/intern_exp3_corrective\logs
09:22:12 | ======================================================================
09:22:12 |   Ep    Stage   TrLoss   TrAcc   VaLoss   VaAcc   VaAUC  Best
09:22:12 | ======================================================================
09:24:21 | Ep 1 | Step 0/8841 | Loss 0.4951 | Cls 0.4270 | LM 0.5670
15:07:12 | Device: cuda
15:07:12 | GPU   : NVIDIA RTX A5000
15:07:12 | VRAM  : 25.8 GB
15:07:12 | Loading data ...
15:08:48 | Building model ...
15:08:56 | Loading model weights from: ./runs/intern_exp3_corrective/checkpoints/ep001.pth
15:09:01 |   epoch=1  missing=0  unexpected=0
15:09:01 | Froze 12 tensors (cls_head=False, projector=True)
15:09:01 | Trainable after freeze: 74,515,846 (3.43%)
15:09:01 | Optimizer groups: LoRA=392 tensors, custom=8 tensors
15:09:01 | ======================================================================
15:09:01 |   batch_size=4  grad_accum=8  eff_batch=32
15:09:01 |   lm_seq_len=512  lm_loss_weight=0.12
15:09:01 |   epochs_cls=0  epochs_joint=2
15:09:01 |   lr=5e-06  lora_rank=64
15:09:01 |   steps/epoch=8841  total_steps=17682
15:09:01 |   logs → ./runs/intern_exp3_corrective\logs
15:09:01 | ======================================================================
15:09:01 |   Ep    Stage   TrLoss   TrAcc   VaLoss   VaAcc   VaAUC  Best
15:09:01 | ======================================================================
15:11:12 | Ep 1 | Step 0/8841 | Loss 0.4490 | Cls 0.3578 | LM 0.7597
15:21:40 | Ep 1 | Step 200/8841 | Loss 0.5639 | Cls 0.5043 | LM 0.4965
15:32:10 | Ep 1 | Step 400/8841 | Loss 0.4023 | Cls 0.3364 | LM 0.5492
15:42:42 | Ep 1 | Step 600/8841 | Loss 0.5648 | Cls 0.4849 | LM 0.6659
15:53:13 | Ep 1 | Step 800/8841 | Loss 0.3261 | Cls 0.2629 | LM 0.5269
16:03:45 | Ep 1 | Step 1000/8841 | Loss 0.4659 | Cls 0.3795 | LM 0.7201
16:14:16 | Ep 1 | Step 1200/8841 | Loss 0.3744 | Cls 0.3038 | LM 0.5884
16:24:47 | Ep 1 | Step 1400/8841 | Loss 0.4473 | Cls 0.3620 | LM 0.7115
14:01:15 | Device: cuda
14:01:15 | GPU   : NVIDIA RTX A5000
14:01:15 | VRAM  : 25.8 GB
14:01:15 | Loading data ...
14:02:57 | Building model ...
14:03:04 | Loading model weights from: ./runs/intern_exp3_corrective/checkpoints/best.pth
14:03:09 |   epoch=1  missing=0  unexpected=0
14:03:09 | Froze 12 tensors (cls_head=False, projector=True)
14:03:09 | Trainable after freeze: 74,515,846 (3.43%)
14:03:09 | Optimizer groups: LoRA=392 tensors, custom=8 tensors
14:03:09 | ======================================================================
14:03:09 |   batch_size=4  grad_accum=8  eff_batch=32
14:03:09 |   lm_seq_len=512  lm_loss_weight=0.12
14:03:09 |   epochs_cls=0  epochs_joint=2
14:03:09 |   lr=5e-06  lora_rank=64
14:03:09 |   steps/epoch=8841  total_steps=17682
14:03:09 |   logs → ./runs/intern_exp3_corrective\logs
14:03:09 | ======================================================================
14:03:09 |   Ep    Stage   TrLoss   TrAcc   VaLoss   VaAcc   VaAUC  Best
14:03:09 | ======================================================================
14:05:25 | Ep 1 | Step 0/8841 | Loss 0.4373 | Cls 0.3678 | LM 0.5789
14:13:18 | Ep 1 | Step 200/8841 | Loss 0.4423 | Cls 0.3569 | LM 0.7122
14:21:16 | Ep 1 | Step 400/8841 | Loss 0.5870 | Cls 0.5139 | LM 0.6087
14:29:17 | Ep 1 | Step 600/8841 | Loss 0.6394 | Cls 0.5597 | LM 0.6643
14:37:18 | Ep 1 | Step 800/8841 | Loss 0.3179 | Cls 0.2312 | LM 0.7233
14:45:21 | Ep 1 | Step 1000/8841 | Loss 0.8288 | Cls 0.7372 | LM 0.7633
14:53:23 | Ep 1 | Step 1200/8841 | Loss 0.4094 | Cls 0.3054 | LM 0.8662
15:01:25 | Ep 1 | Step 1400/8841 | Loss 0.4165 | Cls 0.3488 | LM 0.5637
15:09:27 | Ep 1 | Step 1600/8841 | Loss 0.3174 | Cls 0.2172 | LM 0.8350
15:17:30 | Ep 1 | Step 1800/8841 | Loss 0.3856 | Cls 0.3068 | LM 0.6573
15:25:33 | Ep 1 | Step 2000/8841 | Loss 0.5196 | Cls 0.4617 | LM 0.4826
15:33:36 | Ep 1 | Step 2200/8841 | Loss 0.6394 | Cls 0.5395 | LM 0.8325
15:41:42 | Ep 1 | Step 2400/8841 | Loss 0.2942 | Cls 0.2272 | LM 0.5588
15:49:44 | Ep 1 | Step 2600/8841 | Loss 0.5821 | Cls 0.5180 | LM 0.5344
15:57:47 | Ep 1 | Step 2800/8841 | Loss 0.3937 | Cls 0.2700 | LM 1.0307
16:05:50 | Ep 1 | Step 3000/8841 | Loss 0.4812 | Cls 0.4314 | LM 0.4149
16:14:49 | Ep 1 | Step 3200/8841 | Loss 0.3669 | Cls 0.3036 | LM 0.5278
16:24:47 | Ep 1 | Step 3400/8841 | Loss 0.4912 | Cls 0.4265 | LM 0.5392
11:26:57 | Device: cuda
11:26:57 | GPU   : NVIDIA RTX A5000
11:26:57 | VRAM  : 25.8 GB
11:26:57 | Loading data ...
11:28:11 |   CLS pool: 48320 samples (all.json, bare allowed)
11:28:11 |   SFT pool: 35063 samples (sft_36k, rich only)
11:28:11 |   PREF pool: 3480 pairs (mipo_3k, inactive until DPO)
11:28:11 | Building model ...
11:28:15 | Loading model weights from: ./runs/intern_exp3_corrective/checkpoints/best.pth
11:28:17 |   epoch=1  missing=0  unexpected=0
11:28:17 | Optimizer groups: LoRA=392 tensors, custom=20 tensors
11:28:17 | ======================================================================
11:28:17 |   batch_size=4  grad_accum=8  eff_batch=32
11:28:17 |   lm_seq_len=512  lm_loss_weight=0.3
11:28:17 |   epochs_cls=0  epochs_joint=2
11:28:17 |   lr=5e-06  lora_rank=64
11:28:17 |   steps/epoch (forward)=8765  total forward steps=17530
11:28:17 |   optimizer updates/epoch=1096  total optimizer steps=2192  warmup=109
11:28:17 |   logs → ./runs/intern_exp3_corrective\logs
11:28:17 | ======================================================================
11:28:17 |   Ep    Stage   TrLoss   TrAcc   VaLoss   VaAcc   VaAUC  Best
11:28:17 | ======================================================================
11:33:35 | Ep 1 | Step 0/8765 | Loss 0.4405 | Cls 0.3070 | LM 0.4450
11:41:41 | Ep 1 | Step 200/8765 | Loss 0.4584 | Cls 0.2760 | LM 0.6080
11:49:51 | Ep 1 | Step 400/8765 | Loss 0.5681 | Cls 0.3375 | LM 0.7686
11:58:00 | Ep 1 | Step 600/8765 | Loss 0.5740 | Cls 0.4354 | LM 0.4621
12:06:09 | Ep 1 | Step 800/8765 | Loss 0.4423 | Cls 0.2510 | LM 0.6374
12:14:19 | Ep 1 | Step 1000/8765 | Loss 0.6350 | Cls 0.4412 | LM 0.6457
12:22:28 | Ep 1 | Step 1200/8765 | Loss 0.7072 | Cls 0.4322 | LM 0.9168
12:30:38 | Ep 1 | Step 1400/8765 | Loss 0.7034 | Cls 0.4981 | LM 0.6843
12:38:49 | Ep 1 | Step 1600/8765 | Loss 0.5988 | Cls 0.3543 | LM 0.8153
12:46:59 | Ep 1 | Step 1800/8765 | Loss 0.7763 | Cls 0.5917 | LM 0.6152
12:55:09 | Ep 1 | Step 2000/8765 | Loss 0.5800 | Cls 0.3743 | LM 0.6859
13:03:19 | Ep 1 | Step 2200/8765 | Loss 0.6717 | Cls 0.4800 | LM 0.6392
13:11:31 | Ep 1 | Step 2400/8765 | Loss 0.6734 | Cls 0.5001 | LM 0.5777
13:19:38 | Ep 1 | Step 2600/8765 | Loss 0.5180 | Cls 0.3036 | LM 0.7147
13:27:49 | Ep 1 | Step 2800/8765 | Loss 0.6515 | Cls 0.4227 | LM 0.7627
13:35:57 | Ep 1 | Step 3000/8765 | Loss 0.4311 | Cls 0.2262 | LM 0.6830
13:44:08 | Ep 1 | Step 3200/8765 | Loss 0.4872 | Cls 0.3084 | LM 0.5959
13:52:18 | Ep 1 | Step 3400/8765 | Loss 0.4046 | Cls 0.2634 | LM 0.4706
14:00:28 | Ep 1 | Step 3600/8765 | Loss 0.5505 | Cls 0.3894 | LM 0.5370
14:08:38 | Ep 1 | Step 3800/8765 | Loss 0.6678 | Cls 0.4600 | LM 0.6924
14:16:48 | Ep 1 | Step 4000/8765 | Loss 0.7623 | Cls 0.5571 | LM 0.6841
14:24:58 | Ep 1 | Step 4200/8765 | Loss 0.4037 | Cls 0.2596 | LM 0.4801
14:33:08 | Ep 1 | Step 4400/8765 | Loss 0.5718 | Cls 0.3768 | LM 0.6497
14:41:17 | Ep 1 | Step 4600/8765 | Loss 0.9863 | Cls 0.8005 | LM 0.6194
14:49:26 | Ep 1 | Step 4800/8765 | Loss 0.4628 | Cls 0.2790 | LM 0.6125
14:57:36 | Ep 1 | Step 5000/8765 | Loss 0.7422 | Cls 0.5327 | LM 0.6984
15:05:46 | Ep 1 | Step 5200/8765 | Loss 0.7520 | Cls 0.5257 | LM 0.7544
15:13:56 | Ep 1 | Step 5400/8765 | Loss 0.4648 | Cls 0.2603 | LM 0.6817
15:22:05 | Ep 1 | Step 5600/8765 | Loss 0.5404 | Cls 0.3313 | LM 0.6970
15:30:16 | Ep 1 | Step 5800/8765 | Loss 0.4492 | Cls 0.2901 | LM 0.5304
15:38:27 | Ep 1 | Step 6000/8765 | Loss 1.2085 | Cls 1.0071 | LM 0.6714
15:46:37 | Ep 1 | Step 6200/8765 | Loss 0.5481 | Cls 0.3995 | LM 0.4955
15:54:45 | Ep 1 | Step 6400/8765 | Loss 0.6180 | Cls 0.3190 | LM 0.9966
16:02:54 | Ep 1 | Step 6600/8765 | Loss 0.4725 | Cls 0.2955 | LM 0.5900
16:11:04 | Ep 1 | Step 6800/8765 | Loss 0.8679 | Cls 0.6794 | LM 0.6283
16:19:35 | Ep 1 | Step 7000/8765 | Loss 0.4789 | Cls 0.2688 | LM 0.7003
16:28:10 | Ep 1 | Step 7200/8765 | Loss 0.7467 | Cls 0.5963 | LM 0.5016
16:36:49 | Ep 1 | Step 7400/8765 | Loss 0.7122 | Cls 0.5750 | LM 0.4572
16:45:25 | Ep 1 | Step 7600/8765 | Loss 0.7887 | Cls 0.5588 | LM 0.7664
16:54:00 | Ep 1 | Step 7800/8765 | Loss 0.4944 | Cls 0.2827 | LM 0.7057
17:02:34 | Ep 1 | Step 8000/8765 | Loss 0.6820 | Cls 0.4836 | LM 0.6614
17:11:11 | Ep 1 | Step 8200/8765 | Loss 0.6149 | Cls 0.4343 | LM 0.6019
17:19:45 | Ep 1 | Step 8400/8765 | Loss 0.6126 | Cls 0.4005 | LM 0.7069
17:28:20 | Ep 1 | Step 8600/8765 | Loss 0.4063 | Cls 0.2581 | LM 0.4942
17:35:25 |   Joint steps: 8765 forward pairs (35060 SFT images, 35060 CLS images) | Optimizer updates: 1096 (forward pairs // grad_accum=8) | CLS coverage ~72.6% per epoch — both loaders in every pair, thus every optimizer update
17:39:26 |    1    joint   0.6204  0.8439   0.4603  0.8345  0.9386     *
17:39:33 |   Saved: ./runs/intern_exp3_corrective\checkpoints\ep001.pth
17:39:40 |   Saved: ./runs/intern_exp3_corrective\checkpoints\best.pth
17:47:49 | Ep 2 | Step 0/8765 | Loss 0.4426 | Cls 0.2938 | LM 0.4960
17:56:23 | Ep 2 | Step 200/8765 | Loss 0.6103 | Cls 0.4247 | LM 0.6187
18:04:59 | Ep 2 | Step 400/8765 | Loss 0.4411 | Cls 0.2385 | LM 0.6754
09:06:54 | Device: cuda
09:06:54 | GPU   : NVIDIA RTX A5000
09:06:54 | VRAM  : 25.8 GB
09:06:54 | Loading data ...
09:08:21 |   CLS pool: 48320 samples (all.json, bare allowed)
09:08:21 |   SFT pool: 35063 samples (sft_36k, rich only)
09:08:21 |   PREF pool: 3480 pairs (mipo_3k, inactive until DPO)
09:08:21 | Building model ...
09:08:29 | Optimizer groups: LoRA=392 tensors, custom=20 tensors
09:08:34 | Resumed from epoch 1, best AUC=0.9386
09:08:34 | ======================================================================
09:08:34 |   batch_size=4  grad_accum=8  eff_batch=32
09:08:34 |   lm_seq_len=512  lm_loss_weight=0.3
09:08:34 |   epochs_cls=0  epochs_joint=2
09:08:34 |   lr=5e-06  lora_rank=64
09:08:34 |   steps/epoch (forward)=8765  total forward steps=17530
09:08:34 |   optimizer updates/epoch=1096  total optimizer steps=2192  warmup=109
09:08:34 |   logs → ./runs/intern_exp3_corrective\logs
09:08:34 | ======================================================================
09:08:34 |   Ep    Stage   TrLoss   TrAcc   VaLoss   VaAcc   VaAUC  Best
09:08:34 | ======================================================================
09:17:34 | Ep 2 | Step 0/8765 | Loss 0.5522 | Cls 0.3865 | LM 0.5523
09:27:24 | Ep 2 | Step 200/8765 | Loss 0.6163 | Cls 0.4198 | LM 0.6550
09:37:16 | Ep 2 | Step 400/8765 | Loss 0.4632 | Cls 0.2975 | LM 0.5523
09:47:09 | Ep 2 | Step 600/8765 | Loss 0.6877 | Cls 0.4593 | LM 0.7615
09:57:01 | Ep 2 | Step 800/8765 | Loss 0.9078 | Cls 0.7299 | LM 0.5932
10:06:52 | Ep 2 | Step 1000/8765 | Loss 0.8106 | Cls 0.6080 | LM 0.6753
10:16:43 | Ep 2 | Step 1200/8765 | Loss 0.4553 | Cls 0.2349 | LM 0.7349
10:26:35 | Ep 2 | Step 1400/8765 | Loss 0.7081 | Cls 0.5456 | LM 0.5416
10:36:27 | Ep 2 | Step 1600/8765 | Loss 0.4237 | Cls 0.2292 | LM 0.6485
10:46:18 | Ep 2 | Step 1800/8765 | Loss 0.4479 | Cls 0.2797 | LM 0.5607
10:56:08 | Ep 2 | Step 2000/8765 | Loss 0.4276 | Cls 0.2791 | LM 0.4950
11:05:59 | Ep 2 | Step 2200/8765 | Loss 0.6817 | Cls 0.5272 | LM 0.5149
11:15:47 | Ep 2 | Step 2400/8765 | Loss 0.7559 | Cls 0.5584 | LM 0.6583
11:25:36 | Ep 2 | Step 2600/8765 | Loss 0.6391 | Cls 0.4888 | LM 0.5011
11:35:23 | Ep 2 | Step 2800/8765 | Loss 0.8259 | Cls 0.6429 | LM 0.6101
11:45:08 | Ep 2 | Step 3000/8765 | Loss 0.6016 | Cls 0.4675 | LM 0.4469
11:55:36 | Ep 2 | Step 3200/8765 | Loss 0.7189 | Cls 0.5395 | LM 0.5979
12:05:57 | Ep 2 | Step 3400/8765 | Loss 0.5381 | Cls 0.2964 | LM 0.8058
12:15:41 | Ep 2 | Step 3600/8765 | Loss 0.4744 | Cls 0.3458 | LM 0.4288
12:25:25 | Ep 2 | Step 3800/8765 | Loss 0.4115 | Cls 0.2529 | LM 0.5288
12:35:08 | Ep 2 | Step 4000/8765 | Loss 0.5007 | Cls 0.3071 | LM 0.6455
12:44:50 | Ep 2 | Step 4200/8765 | Loss 0.4591 | Cls 0.2817 | LM 0.5912
12:54:34 | Ep 2 | Step 4400/8765 | Loss 0.7650 | Cls 0.6430 | LM 0.4068
13:04:16 | Ep 2 | Step 4600/8765 | Loss 0.7164 | Cls 0.5358 | LM 0.6020
13:13:59 | Ep 2 | Step 4800/8765 | Loss 0.9311 | Cls 0.7660 | LM 0.5503
13:23:43 | Ep 2 | Step 5000/8765 | Loss 0.7804 | Cls 0.6338 | LM 0.4888
13:33:27 | Ep 2 | Step 5200/8765 | Loss 0.5926 | Cls 0.3611 | LM 0.7717
13:43:11 | Ep 2 | Step 5400/8765 | Loss 0.4484 | Cls 0.2267 | LM 0.7391
13:52:56 | Ep 2 | Step 5600/8765 | Loss 0.5296 | Cls 0.3533 | LM 0.5874
14:02:39 | Ep 2 | Step 5800/8765 | Loss 1.1607 | Cls 0.9882 | LM 0.5748
14:12:21 | Ep 2 | Step 6000/8765 | Loss 0.7478 | Cls 0.5189 | LM 0.7631
14:22:05 | Ep 2 | Step 6200/8765 | Loss 0.6623 | Cls 0.4732 | LM 0.6304
14:31:48 | Ep 2 | Step 6400/8765 | Loss 0.5578 | Cls 0.4046 | LM 0.5107
14:41:31 | Ep 2 | Step 6600/8765 | Loss 0.7659 | Cls 0.5794 | LM 0.6219
14:51:14 | Ep 2 | Step 6800/8765 | Loss 0.5760 | Cls 0.3972 | LM 0.5960
15:00:57 | Ep 2 | Step 7000/8765 | Loss 0.5639 | Cls 0.3517 | LM 0.7075
15:10:40 | Ep 2 | Step 7200/8765 | Loss 0.6298 | Cls 0.4384 | LM 0.6380
15:20:24 | Ep 2 | Step 7400/8765 | Loss 0.4791 | Cls 0.2809 | LM 0.6609
15:30:07 | Ep 2 | Step 7600/8765 | Loss 0.4327 | Cls 0.2355 | LM 0.6575
15:39:50 | Ep 2 | Step 7800/8765 | Loss 0.4597 | Cls 0.3254 | LM 0.4477
15:49:33 | Ep 2 | Step 8000/8765 | Loss 0.7912 | Cls 0.5991 | LM 0.6404
15:59:15 | Ep 2 | Step 8200/8765 | Loss 0.5552 | Cls 0.3839 | LM 0.5709
16:08:58 | Ep 2 | Step 8400/8765 | Loss 0.6022 | Cls 0.3980 | LM 0.6806
16:18:41 | Ep 2 | Step 8600/8765 | Loss 0.7470 | Cls 0.5363 | LM 0.7024
16:26:41 |   Joint steps: 8765 forward pairs (35060 SFT images, 35060 CLS images) | Optimizer updates: 1096 (forward pairs // grad_accum=8) | CLS coverage ~72.6% per epoch — both loaders in every pair, thus every optimizer update
16:30:42 |    2    joint   0.6196  0.8451   0.4530  0.8385  0.9405     *
16:30:49 |   Saved: ./runs/intern_exp3_corrective\checkpoints\ep002.pth
16:30:55 |   Saved: ./runs/intern_exp3_corrective\checkpoints\best.pth
16:30:55 | ======================================================================
16:30:55 | Done. Best val AUC: 0.9405
16:30:55 | Checkpoints : ./runs/intern_exp3_corrective\checkpoints
16:30:55 | Logs        : ./runs/intern_exp3_corrective\logs
16:30:55 | Curves      : ./runs/intern_exp3_corrective\logs\curves.png
09:21:03 | Device: cuda
09:21:03 | GPU   : NVIDIA RTX A5000
09:21:03 | VRAM  : 25.8 GB
09:21:03 | Loading data ...
09:22:17 |   CLS pool: 48320 samples (all.json, bare allowed)
09:22:17 |   SFT pool: 35063 samples (sft_36k, rich only)
09:22:17 |   PREF pool: 3480 pairs (mipo_3k, inactive until DPO)
09:22:17 | Building model ...
09:22:26 | Optimizer groups: LoRA=392 tensors, custom=20 tensors
09:22:30 | Resumed from epoch 2, best AUC=0.9405
09:22:30 | ======================================================================
09:22:30 |   batch_size=4  grad_accum=8  eff_batch=32
09:22:30 |   lm_seq_len=512  lm_loss_weight=0.3
09:22:30 |   epochs_cls=0  epochs_joint=5
09:22:30 |   lr=5e-06  lora_rank=64
09:22:30 |   steps/epoch (forward)=8765  total forward steps=43825
09:22:30 |   optimizer updates/epoch=1096  total optimizer steps=5480  warmup=274
09:22:30 |   logs → ./runs/intern_exp3_corrective\logs
09:22:30 | ======================================================================
09:22:30 |   Ep    Stage   TrLoss   TrAcc   VaLoss   VaAcc   VaAUC  Best
09:22:30 | ======================================================================
09:28:06 | Ep 3 | Step 0/8765 | Loss 0.4480 | Cls 0.2257 | LM 0.7410
09:38:51 | Ep 3 | Step 200/8765 | Loss 0.5781 | Cls 0.3853 | LM 0.6428
09:49:37 | Ep 3 | Step 400/8765 | Loss 0.6063 | Cls 0.4319 | LM 0.5813
10:00:22 | Ep 3 | Step 600/8765 | Loss 0.6108 | Cls 0.3931 | LM 0.7258
10:11:07 | Ep 3 | Step 800/8765 | Loss 0.6602 | Cls 0.4491 | LM 0.7037
10:21:45 | Ep 3 | Step 1000/8765 | Loss 0.4836 | Cls 0.2953 | LM 0.6277
10:32:20 | Ep 3 | Step 1200/8765 | Loss 0.8313 | Cls 0.6131 | LM 0.7272
10:42:57 | Ep 3 | Step 1400/8765 | Loss 0.5711 | Cls 0.3886 | LM 0.6082
10:53:35 | Ep 3 | Step 1600/8765 | Loss 0.8577 | Cls 0.6451 | LM 0.7087
11:04:12 | Ep 3 | Step 1800/8765 | Loss 1.0482 | Cls 0.8431 | LM 0.6839
11:14:49 | Ep 3 | Step 2000/8765 | Loss 0.7228 | Cls 0.4647 | LM 0.8606
11:25:26 | Ep 3 | Step 2200/8765 | Loss 0.7293 | Cls 0.5326 | LM 0.6557
11:35:57 | Ep 3 | Step 2400/8765 | Loss 0.4963 | Cls 0.3300 | LM 0.5543
11:46:21 | Ep 3 | Step 2600/8765 | Loss 0.7908 | Cls 0.5442 | LM 0.8222
11:56:45 | Ep 3 | Step 2800/8765 | Loss 0.5784 | Cls 0.4027 | LM 0.5854
12:06:37 | Ep 3 | Step 3000/8765 | Loss 0.3984 | Cls 0.2373 | LM 0.5369
12:16:23 | Ep 3 | Step 3200/8765 | Loss 0.6295 | Cls 0.4063 | LM 0.7441
12:26:09 | Ep 3 | Step 3400/8765 | Loss 0.8076 | Cls 0.6596 | LM 0.4934
12:35:56 | Ep 3 | Step 3600/8765 | Loss 0.7344 | Cls 0.5964 | LM 0.4600
12:45:43 | Ep 3 | Step 3800/8765 | Loss 0.6084 | Cls 0.3581 | LM 0.8342
12:55:29 | Ep 3 | Step 4000/8765 | Loss 0.5120 | Cls 0.3403 | LM 0.5724
13:05:14 | Ep 3 | Step 4200/8765 | Loss 1.0109 | Cls 0.7820 | LM 0.7630
13:15:00 | Ep 3 | Step 4400/8765 | Loss 0.5667 | Cls 0.3804 | LM 0.6211
13:24:46 | Ep 3 | Step 4600/8765 | Loss 0.6757 | Cls 0.5119 | LM 0.5459
13:34:32 | Ep 3 | Step 4800/8765 | Loss 0.6976 | Cls 0.4517 | LM 0.8198
13:44:19 | Ep 3 | Step 5000/8765 | Loss 0.5503 | Cls 0.3090 | LM 0.8041
13:54:04 | Ep 3 | Step 5200/8765 | Loss 0.4877 | Cls 0.3063 | LM 0.6046
14:03:51 | Ep 3 | Step 5400/8765 | Loss 0.7065 | Cls 0.5678 | LM 0.4625
14:13:37 | Ep 3 | Step 5600/8765 | Loss 0.5205 | Cls 0.3382 | LM 0.6078
14:23:24 | Ep 3 | Step 5800/8765 | Loss 0.5366 | Cls 0.3571 | LM 0.5983
14:33:10 | Ep 3 | Step 6000/8765 | Loss 0.3746 | Cls 0.2045 | LM 0.5670
14:42:56 | Ep 3 | Step 6200/8765 | Loss 0.4083 | Cls 0.2310 | LM 0.5909
14:52:42 | Ep 3 | Step 6400/8765 | Loss 0.5589 | Cls 0.3874 | LM 0.5715
15:02:28 | Ep 3 | Step 6600/8765 | Loss 0.5258 | Cls 0.3676 | LM 0.5275
15:12:14 | Ep 3 | Step 6800/8765 | Loss 0.9304 | Cls 0.7573 | LM 0.5769
15:22:00 | Ep 3 | Step 7000/8765 | Loss 1.0971 | Cls 0.9670 | LM 0.4337
15:31:46 | Ep 3 | Step 7200/8765 | Loss 0.8544 | Cls 0.6705 | LM 0.6131
15:41:33 | Ep 3 | Step 7400/8765 | Loss 0.4157 | Cls 0.2369 | LM 0.5959
15:51:20 | Ep 3 | Step 7600/8765 | Loss 0.5872 | Cls 0.4111 | LM 0.5870
16:01:06 | Ep 3 | Step 7800/8765 | Loss 0.7553 | Cls 0.5549 | LM 0.6680
16:10:52 | Ep 3 | Step 8000/8765 | Loss 0.5894 | Cls 0.3813 | LM 0.6938
16:20:38 | Ep 3 | Step 8200/8765 | Loss 0.5318 | Cls 0.3224 | LM 0.6982
16:30:24 | Ep 3 | Step 8400/8765 | Loss 0.7707 | Cls 0.6165 | LM 0.5140
16:40:11 | Ep 3 | Step 8600/8765 | Loss 0.6021 | Cls 0.4024 | LM 0.6658
16:48:15 |   Joint steps: 8765 forward pairs (35060 SFT images, 35060 CLS images) | Optimizer updates: 1096 (forward pairs // grad_accum=8) | CLS coverage ~72.6% per epoch — both loaders in every pair, thus every optimizer update
16:52:10 |    3    joint   0.6148  0.8490   0.4496  0.8405  0.9419     *
16:52:18 |   Saved: ./runs/intern_exp3_corrective\checkpoints\ep003.pth
16:52:23 |   Saved: ./runs/intern_exp3_corrective\checkpoints\best.pth
17:00:39 | Ep 4 | Step 0/8765 | Loss 0.4509 | Cls 0.2686 | LM 0.6076
17:10:25 | Ep 4 | Step 200/8765 | Loss 1.0579 | Cls 0.8681 | LM 0.6330
17:20:11 | Ep 4 | Step 400/8765 | Loss 0.5341 | Cls 0.3747 | LM 0.5312
17:29:57 | Ep 4 | Step 600/8765 | Loss 0.6884 | Cls 0.4698 | LM 0.7284
17:39:44 | Ep 4 | Step 800/8765 | Loss 0.9129 | Cls 0.7706 | LM 0.4742
17:49:30 | Ep 4 | Step 1000/8765 | Loss 0.4479 | Cls 0.2629 | LM 0.6166
17:59:16 | Ep 4 | Step 1200/8765 | Loss 0.7529 | Cls 0.6126 | LM 0.4676
09:28:05 | Device: cuda
09:28:05 | GPU   : NVIDIA RTX A5000
09:28:05 | VRAM  : 25.8 GB
09:28:05 | Loading data ...
09:29:24 |   CLS pool: 48320 samples (all.json, bare allowed)
09:29:24 |   SFT pool: 35063 samples (sft_36k, rich only)
09:29:24 |   PREF pool: 3480 pairs (mipo_3k, inactive until DPO)
09:29:24 | Building model ...
09:29:32 | Optimizer groups: LoRA=392 tensors, custom=20 tensors
09:29:37 | Resumed from epoch 3, best AUC=0.9419
09:29:37 | ======================================================================
09:29:37 |   batch_size=4  grad_accum=8  eff_batch=32
09:29:37 |   lm_seq_len=512  lm_loss_weight=0.3
09:29:37 |   epochs_cls=0  epochs_joint=5
09:29:37 |   lr=5e-06  lora_rank=64
09:29:37 |   steps/epoch (forward)=8765  total forward steps=43825
09:29:37 |   optimizer updates/epoch=1096  total optimizer steps=5480  warmup=274
09:29:37 |   logs → ./runs/intern_exp3_corrective\logs
09:29:37 | ======================================================================
09:29:37 |   Ep    Stage   TrLoss   TrAcc   VaLoss   VaAcc   VaAUC  Best
09:29:37 | ======================================================================
09:35:06 | Ep 4 | Step 0/8765 | Loss 0.6054 | Cls 0.3893 | LM 0.7204
09:45:41 | Ep 4 | Step 200/8765 | Loss 0.7595 | Cls 0.6170 | LM 0.4750
09:56:17 | Ep 4 | Step 400/8765 | Loss 0.5417 | Cls 0.2781 | LM 0.8785
10:06:52 | Ep 4 | Step 600/8765 | Loss 0.9309 | Cls 0.7128 | LM 0.7269
10:17:26 | Ep 4 | Step 800/8765 | Loss 0.5222 | Cls 0.3737 | LM 0.4950
10:28:02 | Ep 4 | Step 1000/8765 | Loss 0.9109 | Cls 0.7174 | LM 0.6452
10:38:37 | Ep 4 | Step 1200/8765 | Loss 0.5507 | Cls 0.3326 | LM 0.7269
10:49:11 | Ep 4 | Step 1400/8765 | Loss 0.5174 | Cls 0.3783 | LM 0.4637
10:59:47 | Ep 4 | Step 1600/8765 | Loss 0.6272 | Cls 0.4614 | LM 0.5527
11:10:21 | Ep 4 | Step 1800/8765 | Loss 0.6547 | Cls 0.4483 | LM 0.6879
11:20:57 | Ep 4 | Step 2000/8765 | Loss 0.5774 | Cls 0.3846 | LM 0.6427
11:32:05 | Ep 4 | Step 2200/8765 | Loss 0.5934 | Cls 0.4243 | LM 0.5634
11:43:22 | Ep 4 | Step 2400/8765 | Loss 0.7344 | Cls 0.5743 | LM 0.5335
11:55:51 | Ep 4 | Step 2600/8765 | Loss 0.8463 | Cls 0.6283 | LM 0.7268
12:08:14 | Ep 4 | Step 2800/8765 | Loss 0.3823 | Cls 0.2248 | LM 0.5253
12:19:42 | Ep 4 | Step 3000/8765 | Loss 0.5385 | Cls 0.3904 | LM 0.4939
12:31:10 | Ep 4 | Step 3200/8765 | Loss 0.5245 | Cls 0.3370 | LM 0.6249
12:42:37 | Ep 4 | Step 3400/8765 | Loss 0.7161 | Cls 0.5661 | LM 0.5000
12:54:05 | Ep 4 | Step 3600/8765 | Loss 0.7282 | Cls 0.5723 | LM 0.5194
13:05:33 | Ep 4 | Step 3800/8765 | Loss 0.6278 | Cls 0.4516 | LM 0.5876
13:15:04 | Ep 4 | Step 4000/8765 | Loss 0.6995 | Cls 0.5103 | LM 0.6309
13:24:05 | Ep 4 | Step 4200/8765 | Loss 0.3836 | Cls 0.2321 | LM 0.5049
13:33:05 | Ep 4 | Step 4400/8765 | Loss 0.5607 | Cls 0.3939 | LM 0.5557
13:42:04 | Ep 4 | Step 4600/8765 | Loss 0.7355 | Cls 0.5304 | LM 0.6837
13:51:04 | Ep 4 | Step 4800/8765 | Loss 0.4981 | Cls 0.2814 | LM 0.7223
14:00:04 | Ep 4 | Step 5000/8765 | Loss 0.4726 | Cls 0.2759 | LM 0.6556
14:09:03 | Ep 4 | Step 5200/8765 | Loss 0.6276 | Cls 0.4366 | LM 0.6366
14:18:03 | Ep 4 | Step 5400/8765 | Loss 0.4616 | Cls 0.3174 | LM 0.4807
14:27:04 | Ep 4 | Step 5600/8765 | Loss 0.5361 | Cls 0.3821 | LM 0.5135
14:36:04 | Ep 4 | Step 5800/8765 | Loss 0.5246 | Cls 0.3745 | LM 0.5005
14:45:04 | Ep 4 | Step 6000/8765 | Loss 0.6705 | Cls 0.5335 | LM 0.4568
14:54:04 | Ep 4 | Step 6200/8765 | Loss 0.9213 | Cls 0.7267 | LM 0.6486
15:03:05 | Ep 4 | Step 6400/8765 | Loss 0.4487 | Cls 0.2170 | LM 0.7722
15:12:05 | Ep 4 | Step 6600/8765 | Loss 0.8784 | Cls 0.6846 | LM 0.6460
15:21:06 | Ep 4 | Step 6800/8765 | Loss 0.8018 | Cls 0.5923 | LM 0.6982
15:30:07 | Ep 4 | Step 7000/8765 | Loss 0.6251 | Cls 0.3985 | LM 0.7553
15:39:08 | Ep 4 | Step 7200/8765 | Loss 0.4562 | Cls 0.2633 | LM 0.6431
15:48:09 | Ep 4 | Step 7400/8765 | Loss 0.4421 | Cls 0.2282 | LM 0.7130
15:57:10 | Ep 4 | Step 7600/8765 | Loss 0.6016 | Cls 0.4297 | LM 0.5730
16:06:11 | Ep 4 | Step 7800/8765 | Loss 0.5190 | Cls 0.3499 | LM 0.5637
16:15:11 | Ep 4 | Step 8000/8765 | Loss 0.6743 | Cls 0.5281 | LM 0.4876
16:24:11 | Ep 4 | Step 8200/8765 | Loss 0.4721 | Cls 0.2962 | LM 0.5862
16:33:12 | Ep 4 | Step 8400/8765 | Loss 0.4340 | Cls 0.2594 | LM 0.5818
16:42:12 | Ep 4 | Step 8600/8765 | Loss 0.4748 | Cls 0.2984 | LM 0.5880
16:49:38 |   Joint steps: 8765 forward pairs (35060 SFT images, 35060 CLS images) | Optimizer updates: 1096 (forward pairs // grad_accum=8) | CLS coverage ~72.6% per epoch — both loaders in every pair, thus every optimizer update
16:53:33 |    4    joint   0.6149  0.8496   0.4520  0.8393  0.9416      
16:53:42 |   Saved: ./runs/intern_exp3_corrective\checkpoints\ep004.pth
17:02:08 | Ep 5 | Step 0/8765 | Loss 0.6252 | Cls 0.4770 | LM 0.4940
17:11:09 | Ep 5 | Step 200/8765 | Loss 0.5835 | Cls 0.4203 | LM 0.5439
17:20:10 | Ep 5 | Step 400/8765 | Loss 0.9942 | Cls 0.7119 | LM 0.9411
17:29:12 | Ep 5 | Step 600/8765 | Loss 0.9814 | Cls 0.8242 | LM 0.5241
17:38:13 | Ep 5 | Step 800/8765 | Loss 0.5314 | Cls 0.3214 | LM 0.7000
17:47:13 | Ep 5 | Step 1000/8765 | Loss 0.8154 | Cls 0.6337 | LM 0.6056
09:37:50 | Device: cuda
09:37:50 | GPU   : NVIDIA RTX A5000
09:37:50 | VRAM  : 25.8 GB
09:37:50 | Loading data ...
09:39:07 |   CLS pool: 48320 samples (all.json, bare allowed)
09:39:07 |   SFT pool: 35063 samples (sft_36k, rich only)
09:39:07 |   PREF pool: 3480 pairs (mipo_3k, inactive until DPO)
09:39:07 | Building model ...
09:39:14 | Optimizer groups: LoRA=392 tensors, custom=20 tensors
09:39:19 | Resumed from epoch 4, best AUC=0.9419
09:39:19 | ======================================================================
09:39:19 |   batch_size=4  grad_accum=8  eff_batch=32
09:39:19 |   lm_seq_len=512  lm_loss_weight=0.3
09:39:19 |   epochs_cls=0  epochs_joint=5
09:39:19 |   lr=5e-06  lora_rank=64
09:39:19 |   steps/epoch (forward)=8765  total forward steps=43825
09:39:19 |   optimizer updates/epoch=1096  total optimizer steps=5480  warmup=274
09:39:19 |   logs → ./runs/intern_exp3_corrective\logs
09:39:19 | ======================================================================
09:39:19 |   Ep    Stage   TrLoss   TrAcc   VaLoss   VaAcc   VaAUC  Best
09:39:19 | ======================================================================
09:44:51 | Ep 5 | Step 0/8765 | Loss 0.6937 | Cls 0.4864 | LM 0.6909
09:55:15 | Ep 5 | Step 200/8765 | Loss 0.5987 | Cls 0.4408 | LM 0.5263
10:05:40 | Ep 5 | Step 400/8765 | Loss 0.5690 | Cls 0.3361 | LM 0.7763
10:16:05 | Ep 5 | Step 600/8765 | Loss 0.4564 | Cls 0.2692 | LM 0.6242
10:26:28 | Ep 5 | Step 800/8765 | Loss 1.7174 | Cls 1.5388 | LM 0.5952
10:36:53 | Ep 5 | Step 1000/8765 | Loss 0.4078 | Cls 0.2551 | LM 0.5088
10:47:18 | Ep 5 | Step 1200/8765 | Loss 0.5641 | Cls 0.3103 | LM 0.8459
10:57:42 | Ep 5 | Step 1400/8765 | Loss 0.6670 | Cls 0.4053 | LM 0.8724
11:08:06 | Ep 5 | Step 1600/8765 | Loss 0.6214 | Cls 0.4488 | LM 0.5754
11:18:30 | Ep 5 | Step 1800/8765 | Loss 0.7039 | Cls 0.5586 | LM 0.4844
11:28:54 | Ep 5 | Step 2000/8765 | Loss 0.4696 | Cls 0.2429 | LM 0.7557
11:39:19 | Ep 5 | Step 2200/8765 | Loss 0.4675 | Cls 0.2385 | LM 0.7633
11:49:43 | Ep 5 | Step 2400/8765 | Loss 0.4991 | Cls 0.3059 | LM 0.6438
12:00:07 | Ep 5 | Step 2600/8765 | Loss 0.8459 | Cls 0.6519 | LM 0.6467
12:10:31 | Ep 5 | Step 2800/8765 | Loss 0.5339 | Cls 0.3535 | LM 0.6012
12:20:56 | Ep 5 | Step 3000/8765 | Loss 0.4418 | Cls 0.2231 | LM 0.7288
12:31:21 | Ep 5 | Step 3200/8765 | Loss 0.8315 | Cls 0.6237 | LM 0.6928
12:41:46 | Ep 5 | Step 3400/8765 | Loss 0.8179 | Cls 0.6344 | LM 0.6116
12:52:10 | Ep 5 | Step 3600/8765 | Loss 0.4444 | Cls 0.2564 | LM 0.6267
13:02:35 | Ep 5 | Step 3800/8765 | Loss 0.7368 | Cls 0.5310 | LM 0.6862
13:13:00 | Ep 5 | Step 4000/8765 | Loss 0.7363 | Cls 0.5715 | LM 0.5492
13:23:24 | Ep 5 | Step 4200/8765 | Loss 0.7804 | Cls 0.5602 | LM 0.7340
13:33:48 | Ep 5 | Step 4400/8765 | Loss 0.4712 | Cls 0.3280 | LM 0.4772
13:44:13 | Ep 5 | Step 4600/8765 | Loss 0.4866 | Cls 0.2579 | LM 0.7621
13:54:38 | Ep 5 | Step 4800/8765 | Loss 0.5273 | Cls 0.3313 | LM 0.6533
14:05:03 | Ep 5 | Step 5000/8765 | Loss 0.4160 | Cls 0.2290 | LM 0.6234
14:15:28 | Ep 5 | Step 5200/8765 | Loss 0.5782 | Cls 0.3690 | LM 0.6972
14:25:53 | Ep 5 | Step 5400/8765 | Loss 0.4522 | Cls 0.2337 | LM 0.7284
14:36:18 | Ep 5 | Step 5600/8765 | Loss 0.8677 | Cls 0.7172 | LM 0.5016
14:46:42 | Ep 5 | Step 5800/8765 | Loss 0.4093 | Cls 0.2564 | LM 0.5096
14:57:07 | Ep 5 | Step 6000/8765 | Loss 0.5645 | Cls 0.3935 | LM 0.5700
15:07:32 | Ep 5 | Step 6200/8765 | Loss 1.0208 | Cls 0.8200 | LM 0.6693
15:17:57 | Ep 5 | Step 6400/8765 | Loss 0.6719 | Cls 0.4955 | LM 0.5877
15:28:21 | Ep 5 | Step 6600/8765 | Loss 0.5866 | Cls 0.3779 | LM 0.6955
15:38:46 | Ep 5 | Step 6800/8765 | Loss 0.5801 | Cls 0.3795 | LM 0.6686
15:49:10 | Ep 5 | Step 7000/8765 | Loss 0.5665 | Cls 0.3945 | LM 0.5736
15:59:35 | Ep 5 | Step 7200/8765 | Loss 0.8591 | Cls 0.6463 | LM 0.7093
16:10:00 | Ep 5 | Step 7400/8765 | Loss 0.4172 | Cls 0.2569 | LM 0.5345
16:20:25 | Ep 5 | Step 7600/8765 | Loss 0.5696 | Cls 0.4269 | LM 0.4757
16:30:49 | Ep 5 | Step 7800/8765 | Loss 0.7132 | Cls 0.4835 | LM 0.7657
16:41:14 | Ep 5 | Step 8000/8765 | Loss 0.6021 | Cls 0.4514 | LM 0.5023
16:51:38 | Ep 5 | Step 8200/8765 | Loss 0.5700 | Cls 0.3056 | LM 0.8815
17:02:03 | Ep 5 | Step 8400/8765 | Loss 0.5651 | Cls 0.3263 | LM 0.7959
17:12:27 | Ep 5 | Step 8600/8765 | Loss 0.6634 | Cls 0.4909 | LM 0.5748
17:21:02 |   Joint steps: 8765 forward pairs (35060 SFT images, 35060 CLS images) | Optimizer updates: 1096 (forward pairs // grad_accum=8) | CLS coverage ~72.6% per epoch — both loaders in every pair, thus every optimizer update
17:25:04 |    5    joint   0.6144  0.8479   0.4537  0.8377  0.9412      
17:25:11 |   Saved: ./runs/intern_exp3_corrective\checkpoints\ep005.pth
17:25:11 | ======================================================================
17:25:11 | Done. Best val AUC: 0.9419
17:25:11 | Checkpoints : ./runs/intern_exp3_corrective\checkpoints
17:25:11 | Logs        : ./runs/intern_exp3_corrective\logs
17:25:11 | Curves      : ./runs/intern_exp3_corrective\logs\curves.png
09:12:47 | Device: cuda
09:12:47 | GPU   : NVIDIA RTX A5000
09:12:47 | VRAM  : 25.8 GB
09:12:47 | Loading data ...
