Device : cuda
GPU    : NVIDIA RTX A5000

Loading data …
ERROR: No train split found. Check --json_root.
Device : cuda
GPU    : NVIDIA RTX A5000

Loading data …
ERROR: No train split found. Check --json_root.
Device : cuda
GPU    : NVIDIA RTX A5000

Loading data …

Building model …
Total params     : 131,708,508
Trainable params : 72,605,532

==============================================================================
 Epoch   TrainLoss   TrainAcc   ValLoss   ValAcc   ValF1     AUC  Best
==============================================================================
     1      0.5583     0.6327    0.4904   0.8170  0.7901  0.9297     *
     2      0.4898     0.6716    0.5378   0.8305  0.8071  0.9299     *
     3      0.4765     0.6829    0.4597   0.8413  0.8229  0.9440     *
     4      0.4687     0.6792    0.5935   0.8452  0.8283  0.9467     *
     5      0.4736     0.6828    0.4369   0.8600  0.8458  0.9335      
     6      0.4866     0.6740    0.4704   0.8260  0.8010  0.9347      
     7      0.4789     0.6816    0.4423   0.8455  0.8378  0.9332      
     8      0.4794     0.6800    0.4189   0.8675  0.8685  0.9408      
     9      0.4649     0.6855    0.4472   0.8702  0.8639  0.8866      
    10      0.4546     0.6810    0.4322   0.8670  0.8640  0.9425      
    11      0.4478     0.6914    0.4267   0.8625  0.8523  0.9455      
    12      0.4403     0.6968    0.3871   0.8820  0.8764  0.9570     *
    13      0.4359     0.6949    0.4163   0.8660  0.8540  0.9527      
    14      0.4356     0.6980    0.3970   0.8820  0.8834  0.9570      
    15      0.4364     0.6951    0.3776   0.8890  0.8841  0.9644     *
    16      0.4316     0.6978    0.4301   0.8672  0.8533  0.9560      
    17      0.4256     0.7025    0.4049   0.8775  0.8714  0.9540      
    18      0.4240     0.6993    0.4891   0.8468  0.8273  0.9339      
    19      0.4222     0.7028    0.4289   0.8752  0.8650  0.9575      
    20      0.4153     0.7033    0.3849   0.8890  0.8867  0.9528      
    21      0.4130     0.7128    0.4094   0.8775  0.8690  0.9527      
    22      0.4112     0.7020    0.4326   0.8805  0.8718  0.9433      
    23      0.4088     0.7074    0.4192   0.8860  0.8790  0.9606      
    24      0.4072     0.7077    0.4278   0.8712  0.8593  0.9537      
Device : cuda
GPU    : NVIDIA RTX A5000

Loading data …

Building model …
Total params     : 131,708,508
Trainable params : 72,605,532
Resumed from epoch 24, best AUC so far: 0.9644

==============================================================================
 Epoch   TrainLoss   TrainAcc   ValLoss   ValAcc   ValF1     AUC  Best
==============================================================================
    25      0.4001     0.7122    0.4135   0.8775  0.8759  0.9467      
    26      0.4014     0.7096    0.4012   0.8860  0.8819  0.9564      
    27      0.3987     0.7164    0.4118   0.8802  0.8713  0.9600      
    28      0.3942     0.7103    0.4123   0.8840  0.8764  0.9561      
    29      0.3911     0.7151    0.3763   0.8982  0.8941  0.9644     *
    30      0.3874     0.7131    0.4081   0.8850  0.8795  0.9521      
Device : cuda
GPU    : NVIDIA RTX A5000

Loading data …

Building model …
Total params     : 131,708,508
Trainable params : 72,605,532
Resumed from epoch 30, best AUC so far: 0.9644

==============================================================================
 Epoch   TrainLoss   TrainAcc   ValLoss   ValAcc   ValF1     AUC  Best
==============================================================================
    31      0.3799     0.7211    0.4161   0.8885  0.8831  0.9472      
    32      0.3814     0.7180    0.4450   0.8835  0.8768  0.9439      
    33      0.3788     0.7254    0.4135   0.8858  0.8806  0.9577      
    34      0.3747     0.7191    0.4217   0.8848  0.8766  0.9517      
    35      0.3718     0.7235    0.4115   0.8915  0.8854  0.9533      
    36      0.3693     0.7208    0.4123   0.8945  0.8902  0.9508      
    37      0.3754     0.7253    0.4277   0.8872  0.8818  0.9441      
    38      0.3746     0.7211    0.4015   0.8888  0.8833  0.9572      
    39      0.3725     0.7246    0.3923   0.8985  0.8954  0.9610      
    40      0.3671     0.7163    0.3941   0.8960  0.8929  0.9558      
    41      0.3677     0.7253    0.4152   0.8912  0.8879  0.9511      
    42      0.3645     0.7275    0.3949   0.8935  0.8888  0.9554      
    43      0.3614     0.7256    0.4163   0.8908  0.8852  0.9517      
    44      0.3627     0.7278    0.4215   0.8862  0.8818  0.9447      
    45      0.3644     0.7250    0.3873   0.8988  0.8961  0.9554      
    46      0.3614     0.7270    0.3840   0.9038  0.9020  0.9563      
    47      0.3582     0.7294    0.4254   0.8932  0.8886  0.9447      
    48      0.3581     0.7261    0.4114   0.8975  0.8942  0.9484      
    49      0.3565     0.7301    0.4133   0.8945  0.8904  0.9495      
    50      0.3537     0.7283    0.4114   0.8960  0.8929  0.9485      
    51      0.3524     0.7401    0.4028   0.8972  0.8952  0.9503      
    52      0.3531     0.7265    0.4103   0.8980  0.8942  0.9525      
    53      0.3525     0.7307    0.4055   0.8968  0.8931  0.9524      
    54      0.3518     0.7295    0.4049   0.8968  0.8942  0.9525      
    55      0.3488     0.7326    0.3997   0.8968  0.8936  0.9551      
    56      0.3502     0.7286    0.4040   0.8982  0.8957  0.9533      
    57      0.3522     0.7314    0.4056   0.8975  0.8949  0.9530      
    58      0.3506     0.7356    0.4051   0.8968  0.8940  0.9533      
    59      0.3566     0.7309    0.4046   0.8968  0.8940  0.9531      

Early stopping at epoch 59. Best val AUC: 0.9644
==============================================================================
Best val AUC : 0.9644
