Device : cuda
GPU    : NVIDIA RTX A5000

Loading data …

Building model …
Total params     : 131,221,820
Trainable params : 72,118,844

================================================================================
 Epoch   TrainLoss   ClsLoss   GenLoss   TrainAcc   ValLoss   ValAcc   ValF1     AUC  Best
================================================================================
     1      0.5442    0.5442    0.0000     0.6966    0.4510   0.8187  0.7971  0.9242     *
     2      0.4395    0.4395    0.0000     0.7747    0.4572   0.8595  0.8480  0.9473     *
     3      0.4117    0.4117    0.0000     0.7908    0.5370   0.8450  0.8273  0.9132      
     4      0.3917    0.3917    0.0000     0.8046    0.4731   0.8755  0.8776  0.9407     *
     5      0.3737    0.3737    0.0000     0.8127    0.3875   0.8825  0.8751  0.9604     *
Device : cuda
GPU    : NVIDIA RTX A5000

Loading data …

Building model …
Total params     : 131,221,820
Trainable params : 72,118,844

================================================================================
 Epoch   TrainLoss   ClsLoss   GenLoss   TrainAcc   ValLoss   ValAcc   ValF1     AUC  Best
================================================================================
     1      0.5441    0.5441    5.5613     0.6966    0.4510   0.8197  0.7993  0.9242     *
     2      0.4402    0.4402    3.2567     0.7760    0.4736   0.8417  0.8225  0.9424     *
     3      0.4116    0.4116    1.5611     0.7926    0.6175   0.8425  0.8221  0.9332     *
     4      0.3924    0.3924    1.1844     0.8042    0.4124   0.8732  0.8732  0.9528     *
     5      0.3738    0.3738    1.0421     0.8129    0.4251   0.8780  0.8709  0.9575     *
     6      0.3629    0.3629    0.9684     0.8196    0.4157   0.8878  0.8851  0.9559     *
     7      0.3515    0.3515    0.9170     0.8267    0.4963   0.8850  0.8796  0.9550      
     8      0.3470    0.3470    0.8824     0.8289    0.4240   0.8902  0.8920  0.9591     *
     9      0.3408    0.3408    0.8569     0.8322    0.4397   0.8968  0.8977  0.9593     *
    10      0.3363    0.3363    0.8325     0.8341    0.4744   0.8788  0.8808  0.9497      
    11      0.3328    0.3328    0.8148     0.8377    0.4518   0.8972  0.8969  0.9561     *
Device : cuda
GPU    : NVIDIA RTX A5000

Loading data …

Building model …
Total params     : 131,221,820
Trainable params : 72,118,844
Device : cuda
GPU    : NVIDIA RTX A5000

Loading data …

Building model …
Total params     : 131,221,820
Trainable params : 72,118,844

================================================================================
 Epoch   TrainLoss   ClsLoss   GenLoss   TrainAcc   ValLoss   ValAcc   ValF1     AUC  Best
================================================================================
    11      0.3330    0.3330    0.8153     0.8364    0.4953   0.8870  0.8868  0.9545      
    12      0.3271    0.3271    0.8029     0.8401    0.4940   0.8852  0.8855  0.9487      
    13      0.3239    0.3239    0.7861     0.8417    0.5531   0.8690  0.8623  0.9490      
    14      0.3199    0.3199    0.7731     0.8439    0.4692   0.8852  0.8869  0.9587      
    15      0.3181    0.3181    0.7627     0.8449    0.4700   0.8865  0.8838  0.9517      
    16      0.3139    0.3139    0.7511     0.8467    0.5161   0.8900  0.8916  0.9539      
    17      0.3095    0.3095    0.7410     0.8489    0.4117   0.8892  0.8861  0.9590      
    18      0.3091    0.3091    0.7324     0.8506    0.4657   0.8935  0.8940  0.9574      
    19      0.3062    0.3062    0.7251     0.8519    0.4753   0.8898  0.8905  0.9584      
    20      0.3038    0.3038    0.7159     0.8539    0.4927   0.8958  0.8953  0.9340      
    21      0.3102    0.3102    0.7176     0.8483    0.4952   0.8862  0.8889  0.9469      
    22      0.3077    0.3077    0.7108     0.8485    0.4168   0.9005  0.9036  0.9573     *
    23      0.3043    0.3043    0.7051     0.8514    0.4946   0.8900  0.8916  0.9528      
    24      0.3037    0.3037    0.6999     0.8516    0.4633   0.8790  0.8833  0.9561      
    25      0.3017    0.3017    0.6930     0.8521    0.4820   0.8892  0.8937  0.9525      
    26      0.3002    0.3002    0.6879     0.8529    0.4443   0.8938  0.8964  0.9615      
    27      0.2988    0.2988    0.6816     0.8532    0.4859   0.8938  0.8956  0.9575      
    28      0.2969    0.2969    0.6795     0.8546    0.4458   0.9002  0.9004  0.9503      
    29      0.2978    0.2978    0.6732     0.8550    0.4331   0.8982  0.8984  0.9590      
    30      0.2951    0.2951    0.6724     0.8555    0.4312   0.8982  0.8995  0.9548      
    31      0.2938    0.2938    0.6649     0.8550    0.4842   0.8902  0.8943  0.9537      
    32      0.2924    0.2924    0.6627     0.8561    0.4722   0.8945  0.8965  0.9447      
    33      0.2916    0.2916    0.6578     0.8564    0.4614   0.8912  0.8951  0.9543      
    34      0.2908    0.2908    0.6544     0.8570    0.4910   0.8892  0.8928  0.9527      
    35      0.2886    0.2886    0.6495     0.8582    0.4630   0.8920  0.8947  0.9626      
    36      0.2886    0.2886    0.6479     0.8567    0.4853   0.8925  0.8955  0.9537      
