Device: cuda
GPU: NVIDIA RTX A5000
Building DataLoaders …
Building HydraFakeNet …
Trainable parameters: 60,811,324

======================================================================
Starting training …
======================================================================


────────────────────────────────────────────────────────────
Epoch 1/50  lr=1.00e-04
Device: cuda
GPU: NVIDIA RTX A5000
Building DataLoaders …
Building HydraFakeNet …
Trainable parameters: 60,811,324

======================================================================
Starting training …
======================================================================


────────────────────────────────────────────────────────────
Epoch 1/50  lr=0.00e+00
  Epoch 001 | Step   50/4528 | Loss 3.5985 | ClsLoss 0.7107 | GenLoss 10.3366 | 29.3s
Device: cuda
GPU: NVIDIA RTX A5000
Building DataLoaders …
Building HydraFakeNet …
Trainable parameters: 60,811,324

======================================================================
Starting training …
======================================================================


────────────────────────────────────────────────────────────
Epoch 1/50  lr=0.00e+00
Device: cuda
GPU: NVIDIA RTX A5000
Building DataLoaders …
Building HydraFakeNet …
Trainable parameters: 60,811,324

======================================================================
Starting training …
======================================================================


────────────────────────────────────────────────────────────
Epoch 1/50  lr=0.00e+00
  Epoch 001 | Step   50/4528 | Loss 3.5925 | ClsLoss 0.7044 | GenLoss 10.3314 | 30.7s
  Epoch 001 | Step  100/4528 | Loss 3.5916 | ClsLoss 0.7030 | GenLoss 10.3317 | 37.0s
  Epoch 001 | Step  150/4528 | Loss 3.5907 | ClsLoss 0.7016 | GenLoss 10.3319 | 43.3s
  Epoch 001 | Step  200/4528 | Loss 3.5909 | ClsLoss 0.7019 | GenLoss 10.3320 | 49.3s
  Epoch 001 | Step  250/4528 | Loss 3.5912 | ClsLoss 0.7023 | GenLoss 10.3319 | 56.0s
  Epoch 001 | Step  300/4528 | Loss 3.5901 | ClsLoss 0.7007 | GenLoss 10.3319 | 62.0s
  Epoch 001 | Step  350/4528 | Loss 3.5903 | ClsLoss 0.7011 | GenLoss 10.3319 | 68.8s
  Epoch 001 | Step  400/4528 | Loss 3.5900 | ClsLoss 0.7007 | GenLoss 10.3318 | 74.9s
  Epoch 001 | Step  450/4528 | Loss 3.5899 | ClsLoss 0.7006 | GenLoss 10.3318 | 81.6s
  Epoch 001 | Step  500/4528 | Loss 3.5902 | ClsLoss 0.7009 | GenLoss 10.3317 | 87.9s
  Epoch 001 | Step  550/4528 | Loss 3.5900 | ClsLoss 0.7007 | GenLoss 10.3318 | 94.3s
  Epoch 001 | Step  600/4528 | Loss 3.5903 | ClsLoss 0.7011 | GenLoss 10.3318 | 100.5s
  Epoch 001 | Step  650/4528 | Loss 3.5904 | ClsLoss 0.7012 | GenLoss 10.3318 | 106.6s
  Epoch 001 | Step  700/4528 | Loss 3.5902 | ClsLoss 0.7009 | GenLoss 10.3318 | 113.6s
  Epoch 001 | Step  750/4528 | Loss 3.5901 | ClsLoss 0.7008 | GenLoss 10.3317 | 120.5s
  Epoch 001 | Step  800/4528 | Loss 3.5899 | ClsLoss 0.7006 | GenLoss 10.3317 | 126.9s
  Epoch 001 | Step  850/4528 | Loss 3.5897 | ClsLoss 0.7003 | GenLoss 10.3317 | 133.2s
  Epoch 001 | Step  900/4528 | Loss 3.5897 | ClsLoss 0.7002 | GenLoss 10.3317 | 141.3s
  Epoch 001 | Step  950/4528 | Loss 3.5897 | ClsLoss 0.7002 | GenLoss 10.3317 | 149.2s
  Epoch 001 | Step 1000/4528 | Loss 3.5896 | ClsLoss 0.7002 | GenLoss 10.3317 | 157.3s
  Epoch 001 | Step 1050/4528 | Loss 3.5899 | ClsLoss 0.7005 | GenLoss 10.3317 | 165.8s
  Epoch 001 | Step 1100/4528 | Loss 3.5899 | ClsLoss 0.7006 | GenLoss 10.3317 | 173.4s
  Epoch 001 | Step 1150/4528 | Loss 3.5898 | ClsLoss 0.7004 | GenLoss 10.3317 | 182.3s
  Epoch 001 | Step 1200/4528 | Loss 3.5899 | ClsLoss 0.7005 | GenLoss 10.3317 | 190.0s
  Epoch 001 | Step 1250/4528 | Loss 3.5901 | ClsLoss 0.7008 | GenLoss 10.3317 | 199.1s
  Epoch 001 | Step 1300/4528 | Loss 3.5899 | ClsLoss 0.7006 | GenLoss 10.3317 | 207.5s
  Epoch 001 | Step 1350/4528 | Loss 3.5899 | ClsLoss 0.7006 | GenLoss 10.3317 | 215.0s
  Epoch 001 | Step 1400/4528 | Loss 3.5899 | ClsLoss 0.7006 | GenLoss 10.3317 | 222.9s
  Epoch 001 | Step 1450/4528 | Loss 3.5898 | ClsLoss 0.7005 | GenLoss 10.3317 | 230.3s
  Epoch 001 | Step 1500/4528 | Loss 3.5899 | ClsLoss 0.7006 | GenLoss 10.3317 | 238.4s
  Epoch 001 | Step 1550/4528 | Loss 3.5899 | ClsLoss 0.7006 | GenLoss 10.3317 | 246.0s
  Epoch 001 | Step 1600/4528 | Loss 3.5898 | ClsLoss 0.7005 | GenLoss 10.3317 | 254.0s
  Epoch 001 | Step 1650/4528 | Loss 3.5899 | ClsLoss 0.7006 | GenLoss 10.3317 | 261.8s
  Epoch 001 | Step 1700/4528 | Loss 3.5900 | ClsLoss 0.7007 | GenLoss 10.3317 | 269.8s
  Epoch 001 | Step 1750/4528 | Loss 3.5900 | ClsLoss 0.7007 | GenLoss 10.3317 | 277.8s
  Epoch 001 | Step 1800/4528 | Loss 3.5900 | ClsLoss 0.7006 | GenLoss 10.3317 | 285.3s
  Epoch 001 | Step 1850/4528 | Loss 3.5900 | ClsLoss 0.7007 | GenLoss 10.3317 | 293.4s
  Epoch 001 | Step 1900/4528 | Loss 3.5899 | ClsLoss 0.7005 | GenLoss 10.3317 | 300.9s
  Epoch 001 | Step 1950/4528 | Loss 3.5898 | ClsLoss 0.7004 | GenLoss 10.3317 | 308.9s
  Epoch 001 | Step 2000/4528 | Loss 3.5898 | ClsLoss 0.7004 | GenLoss 10.3317 | 316.7s
  Epoch 001 | Step 2050/4528 | Loss 3.5899 | ClsLoss 0.7006 | GenLoss 10.3317 | 324.7s
  Epoch 001 | Step 2100/4528 | Loss 3.5899 | ClsLoss 0.7006 | GenLoss 10.3317 | 332.4s
  Epoch 001 | Step 2150/4528 | Loss 3.5899 | ClsLoss 0.7006 | GenLoss 10.3317 | 340.4s
  Epoch 001 | Step 2200/4528 | Loss 3.5900 | ClsLoss 0.7006 | GenLoss 10.3317 | 348.5s
  Epoch 001 | Step 2250/4528 | Loss 3.5900 | ClsLoss 0.7007 | GenLoss 10.3317 | 356.7s
  Epoch 001 | Step 2300/4528 | Loss 3.5901 | ClsLoss 0.7008 | GenLoss 10.3317 | 364.2s
  Epoch 001 | Step 2350/4528 | Loss 3.5900 | ClsLoss 0.7007 | GenLoss 10.3317 | 372.6s
  Epoch 001 | Step 2400/4528 | Loss 3.5901 | ClsLoss 0.7008 | GenLoss 10.3317 | 380.0s
  Epoch 001 | Step 2450/4528 | Loss 3.5900 | ClsLoss 0.7007 | GenLoss 10.3317 | 387.4s
  Epoch 001 | Step 2500/4528 | Loss 3.5900 | ClsLoss 0.7006 | GenLoss 10.3317 | 393.7s
  Epoch 001 | Step 2550/4528 | Loss 3.5900 | ClsLoss 0.7007 | GenLoss 10.3317 | 399.9s
  Epoch 001 | Step 2600/4528 | Loss 3.5900 | ClsLoss 0.7008 | GenLoss 10.3317 | 407.6s
  Epoch 001 | Step 2650/4528 | Loss 3.5901 | ClsLoss 0.7008 | GenLoss 10.3317 | 414.7s
  Epoch 001 | Step 2700/4528 | Loss 3.5900 | ClsLoss 0.7007 | GenLoss 10.3317 | 422.2s
  Epoch 001 | Step 2750/4528 | Loss 3.5900 | ClsLoss 0.7007 | GenLoss 10.3317 | 428.1s
  Epoch 001 | Step 2800/4528 | Loss 3.5900 | ClsLoss 0.7006 | GenLoss 10.3317 | 434.1s
  Epoch 001 | Step 2850/4528 | Loss 3.5899 | ClsLoss 0.7005 | GenLoss 10.3317 | 439.9s
  Epoch 001 | Step 2900/4528 | Loss 3.5899 | ClsLoss 0.7005 | GenLoss 10.3317 | 445.9s
  Epoch 001 | Step 2950/4528 | Loss 3.5898 | ClsLoss 0.7004 | GenLoss 10.3317 | 452.3s
  Epoch 001 | Step 3000/4528 | Loss 3.5898 | ClsLoss 0.7003 | GenLoss 10.3317 | 459.8s
  Epoch 001 | Step 3050/4528 | Loss 3.5898 | ClsLoss 0.7004 | GenLoss 10.3317 | 468.0s
  Epoch 001 | Step 3100/4528 | Loss 3.5898 | ClsLoss 0.7003 | GenLoss 10.3317 | 475.4s
  Epoch 001 | Step 3150/4528 | Loss 3.5899 | ClsLoss 0.7005 | GenLoss 10.3317 | 483.5s
  Epoch 001 | Step 3200/4528 | Loss 3.5899 | ClsLoss 0.7006 | GenLoss 10.3317 | 490.7s
  Epoch 001 | Step 3250/4528 | Loss 3.5899 | ClsLoss 0.7005 | GenLoss 10.3318 | 497.3s
  Epoch 001 | Step 3300/4528 | Loss 3.5897 | ClsLoss 0.7003 | GenLoss 10.3318 | 505.4s
  Epoch 001 | Step 3350/4528 | Loss 3.5897 | ClsLoss 0.7003 | GenLoss 10.3317 | 514.2s
  Epoch 001 | Step 3400/4528 | Loss 3.5897 | ClsLoss 0.7003 | GenLoss 10.3317 | 521.6s
  Epoch 001 | Step 3450/4528 | Loss 3.5898 | ClsLoss 0.7003 | GenLoss 10.3317 | 527.5s
  Epoch 001 | Step 3500/4528 | Loss 3.5897 | ClsLoss 0.7003 | GenLoss 10.3317 | 533.7s
  Epoch 001 | Step 3550/4528 | Loss 3.5898 | ClsLoss 0.7004 | GenLoss 10.3317 | 539.5s
  Epoch 001 | Step 3600/4528 | Loss 3.5898 | ClsLoss 0.7004 | GenLoss 10.3317 | 545.8s
  Epoch 001 | Step 3650/4528 | Loss 3.5898 | ClsLoss 0.7004 | GenLoss 10.3317 | 551.8s
  Epoch 001 | Step 3700/4528 | Loss 3.5898 | ClsLoss 0.7004 | GenLoss 10.3317 | 557.9s
  Epoch 001 | Step 3750/4528 | Loss 3.5899 | ClsLoss 0.7005 | GenLoss 10.3317 | 564.1s
  Epoch 001 | Step 3800/4528 | Loss 3.5899 | ClsLoss 0.7005 | GenLoss 10.3317 | 570.4s
  Epoch 001 | Step 3850/4528 | Loss 3.5899 | ClsLoss 0.7005 | GenLoss 10.3317 | 576.7s
  Epoch 001 | Step 3900/4528 | Loss 3.5899 | ClsLoss 0.7005 | GenLoss 10.3317 | 582.7s
  Epoch 001 | Step 3950/4528 | Loss 3.5898 | ClsLoss 0.7005 | GenLoss 10.3317 | 589.4s
  Epoch 001 | Step 4000/4528 | Loss 3.5898 | ClsLoss 0.7004 | GenLoss 10.3317 | 595.1s
  Epoch 001 | Step 4050/4528 | Loss 3.5899 | ClsLoss 0.7005 | GenLoss 10.3317 | 601.5s
  Epoch 001 | Step 4100/4528 | Loss 3.5899 | ClsLoss 0.7005 | GenLoss 10.3317 | 607.8s
  Epoch 001 | Step 4150/4528 | Loss 3.5898 | ClsLoss 0.7005 | GenLoss 10.3317 | 613.5s
  Epoch 001 | Step 4200/4528 | Loss 3.5898 | ClsLoss 0.7004 | GenLoss 10.3317 | 619.6s
  Epoch 001 | Step 4250/4528 | Loss 3.5898 | ClsLoss 0.7004 | GenLoss 10.3317 | 625.9s
  Epoch 001 | Step 4300/4528 | Loss 3.5898 | ClsLoss 0.7003 | GenLoss 10.3317 | 631.9s
  Epoch 001 | Step 4350/4528 | Loss 3.5898 | ClsLoss 0.7004 | GenLoss 10.3317 | 638.0s
  Epoch 001 | Step 4400/4528 | Loss 3.5898 | ClsLoss 0.7004 | GenLoss 10.3317 | 643.9s
  Epoch 001 | Step 4450/4528 | Loss 3.5898 | ClsLoss 0.7004 | GenLoss 10.3317 | 650.1s
  Epoch 001 | Step 4500/4528 | Loss 3.5899 | ClsLoss 0.7005 | GenLoss 10.3317 | 656.9s
  TRAIN → loss=3.5899 acc=0.5145 f1=0.5292
  VAL   → loss=3.5652 acc=0.5373 f1=0.5728 auc=0.5437706250000001

────────────────────────────────────────────────────────────
Epoch 2/50  lr=4.42e-09
  Epoch 002 | Step   50/4528 | Loss 3.5954 | ClsLoss 0.7083 | GenLoss 10.3320 | 33.9s
  Epoch 002 | Step  100/4528 | Loss 3.5917 | ClsLoss 0.7031 | GenLoss 10.3317 | 41.4s
  Epoch 002 | Step  150/4528 | Loss 3.5914 | ClsLoss 0.7026 | GenLoss 10.3317 | 47.5s
  Epoch 002 | Step  200/4528 | Loss 3.5905 | ClsLoss 0.7013 | GenLoss 10.3317 | 53.6s
  Epoch 002 | Step  250/4528 | Loss 3.5896 | ClsLoss 0.7002 | GenLoss 10.3316 | 59.8s
  Epoch 002 | Step  300/4528 | Loss 3.5902 | ClsLoss 0.7009 | GenLoss 10.3317 | 66.3s
  Epoch 002 | Step  350/4528 | Loss 3.5901 | ClsLoss 0.7008 | GenLoss 10.3316 | 72.6s
  Epoch 002 | Step  400/4528 | Loss 3.5900 | ClsLoss 0.7007 | GenLoss 10.3317 | 79.2s
  Epoch 002 | Step  450/4528 | Loss 3.5905 | ClsLoss 0.7015 | GenLoss 10.3317 | 85.7s
  Epoch 002 | Step  500/4528 | Loss 3.5906 | ClsLoss 0.7016 | GenLoss 10.3316 | 91.6s
  Epoch 002 | Step  550/4528 | Loss 3.5903 | ClsLoss 0.7012 | GenLoss 10.3316 | 97.9s
  Epoch 002 | Step  600/4528 | Loss 3.5904 | ClsLoss 0.7013 | GenLoss 10.3316 | 104.7s
  Epoch 002 | Step  650/4528 | Loss 3.5903 | ClsLoss 0.7012 | GenLoss 10.3316 | 110.7s
  Epoch 002 | Step  700/4528 | Loss 3.5904 | ClsLoss 0.7013 | GenLoss 10.3315 | 116.9s
  Epoch 002 | Step  750/4528 | Loss 3.5903 | ClsLoss 0.7012 | GenLoss 10.3315 | 123.1s
  Epoch 002 | Step  800/4528 | Loss 3.5904 | ClsLoss 0.7013 | GenLoss 10.3315 | 129.6s
  Epoch 002 | Step  850/4528 | Loss 3.5904 | ClsLoss 0.7013 | GenLoss 10.3315 | 136.1s
  Epoch 002 | Step  900/4528 | Loss 3.5904 | ClsLoss 0.7014 | GenLoss 10.3315 | 142.2s
  Epoch 002 | Step  950/4528 | Loss 3.5902 | ClsLoss 0.7011 | GenLoss 10.3315 | 148.7s
  Epoch 002 | Step 1000/4528 | Loss 3.5904 | ClsLoss 0.7014 | GenLoss 10.3315 | 154.9s
  Epoch 002 | Step 1050/4528 | Loss 3.5903 | ClsLoss 0.7013 | GenLoss 10.3315 | 160.9s
  Epoch 002 | Step 1100/4528 | Loss 3.5902 | ClsLoss 0.7010 | GenLoss 10.3315 | 167.4s
  Epoch 002 | Step 1150/4528 | Loss 3.5902 | ClsLoss 0.7010 | GenLoss 10.3315 | 173.4s
  Epoch 002 | Step 1200/4528 | Loss 3.5902 | ClsLoss 0.7012 | GenLoss 10.3315 | 179.7s
  Epoch 002 | Step 1250/4528 | Loss 3.5904 | ClsLoss 0.7014 | GenLoss 10.3314 | 185.9s
  Epoch 002 | Step 1300/4528 | Loss 3.5904 | ClsLoss 0.7014 | GenLoss 10.3314 | 192.0s
  Epoch 002 | Step 1350/4528 | Loss 3.5905 | ClsLoss 0.7015 | GenLoss 10.3314 | 198.2s
  Epoch 002 | Step 1400/4528 | Loss 3.5906 | ClsLoss 0.7017 | GenLoss 10.3314 | 204.4s
  Epoch 002 | Step 1450/4528 | Loss 3.5907 | ClsLoss 0.7018 | GenLoss 10.3314 | 212.6s
  Epoch 002 | Step 1500/4528 | Loss 3.5908 | ClsLoss 0.7020 | GenLoss 10.3314 | 220.6s
  Epoch 002 | Step 1550/4528 | Loss 3.5909 | ClsLoss 0.7021 | GenLoss 10.3314 | 228.8s
  Epoch 002 | Step 1600/4528 | Loss 3.5909 | ClsLoss 0.7021 | GenLoss 10.3314 | 235.8s
  Epoch 002 | Step 1650/4528 | Loss 3.5909 | ClsLoss 0.7021 | GenLoss 10.3314 | 244.1s
  Epoch 002 | Step 1700/4528 | Loss 3.5909 | ClsLoss 0.7022 | GenLoss 10.3314 | 251.6s
  Epoch 002 | Step 1750/4528 | Loss 3.5909 | ClsLoss 0.7022 | GenLoss 10.3313 | 259.9s
  Epoch 002 | Step 1800/4528 | Loss 3.5908 | ClsLoss 0.7020 | GenLoss 10.3313 | 266.6s
  Epoch 002 | Step 1850/4528 | Loss 3.5907 | ClsLoss 0.7019 | GenLoss 10.3313 | 273.3s
  Epoch 002 | Step 1900/4528 | Loss 3.5907 | ClsLoss 0.7019 | GenLoss 10.3313 | 279.9s
  Epoch 002 | Step 1950/4528 | Loss 3.5908 | ClsLoss 0.7020 | GenLoss 10.3313 | 286.4s
  Epoch 002 | Step 2000/4528 | Loss 3.5907 | ClsLoss 0.7019 | GenLoss 10.3313 | 292.5s
  Epoch 002 | Step 2050/4528 | Loss 3.5908 | ClsLoss 0.7020 | GenLoss 10.3313 | 298.7s
  Epoch 002 | Step 2100/4528 | Loss 3.5908 | ClsLoss 0.7020 | GenLoss 10.3313 | 305.0s
  Epoch 002 | Step 2150/4528 | Loss 3.5907 | ClsLoss 0.7019 | GenLoss 10.3313 | 311.6s
  Epoch 002 | Step 2200/4528 | Loss 3.5907 | ClsLoss 0.7019 | GenLoss 10.3312 | 317.8s
  Epoch 002 | Step 2250/4528 | Loss 3.5906 | ClsLoss 0.7018 | GenLoss 10.3312 | 323.9s
  Epoch 002 | Step 2300/4528 | Loss 3.5906 | ClsLoss 0.7018 | GenLoss 10.3312 | 330.0s
  Epoch 002 | Step 2350/4528 | Loss 3.5906 | ClsLoss 0.7017 | GenLoss 10.3312 | 336.2s
  Epoch 002 | Step 2400/4528 | Loss 3.5905 | ClsLoss 0.7016 | GenLoss 10.3312 | 342.5s
  Epoch 002 | Step 2450/4528 | Loss 3.5904 | ClsLoss 0.7016 | GenLoss 10.3312 | 348.6s
  Epoch 002 | Step 2500/4528 | Loss 3.5904 | ClsLoss 0.7014 | GenLoss 10.3312 | 354.8s
  Epoch 002 | Step 2550/4528 | Loss 3.5904 | ClsLoss 0.7015 | GenLoss 10.3312 | 361.1s
  Epoch 002 | Step 2600/4528 | Loss 3.5904 | ClsLoss 0.7014 | GenLoss 10.3311 | 367.4s
  Epoch 002 | Step 2650/4528 | Loss 3.5903 | ClsLoss 0.7014 | GenLoss 10.3311 | 373.7s
  Epoch 002 | Step 2700/4528 | Loss 3.5903 | ClsLoss 0.7014 | GenLoss 10.3311 | 380.2s
  Epoch 002 | Step 2750/4528 | Loss 3.5903 | ClsLoss 0.7014 | GenLoss 10.3311 | 386.7s
  Epoch 002 | Step 2800/4528 | Loss 3.5903 | ClsLoss 0.7014 | GenLoss 10.3311 | 395.0s
  Epoch 002 | Step 2850/4528 | Loss 3.5903 | ClsLoss 0.7014 | GenLoss 10.3311 | 403.2s
  Epoch 002 | Step 2900/4528 | Loss 3.5903 | ClsLoss 0.7014 | GenLoss 10.3311 | 411.3s
  Epoch 002 | Step 2950/4528 | Loss 3.5903 | ClsLoss 0.7014 | GenLoss 10.3311 | 419.0s
  Epoch 002 | Step 3000/4528 | Loss 3.5903 | ClsLoss 0.7014 | GenLoss 10.3310 | 425.5s
  Epoch 002 | Step 3050/4528 | Loss 3.5903 | ClsLoss 0.7014 | GenLoss 10.3310 | 431.9s
  Epoch 002 | Step 3100/4528 | Loss 3.5902 | ClsLoss 0.7013 | GenLoss 10.3310 | 438.0s
  Epoch 002 | Step 3150/4528 | Loss 3.5902 | ClsLoss 0.7013 | GenLoss 10.3310 | 444.0s
  Epoch 002 | Step 3200/4528 | Loss 3.5902 | ClsLoss 0.7013 | GenLoss 10.3310 | 450.2s
  Epoch 002 | Step 3250/4528 | Loss 3.5903 | ClsLoss 0.7014 | GenLoss 10.3310 | 456.4s
  Epoch 002 | Step 3300/4528 | Loss 3.5902 | ClsLoss 0.7013 | GenLoss 10.3310 | 462.9s
  Epoch 002 | Step 3350/4528 | Loss 3.5902 | ClsLoss 0.7012 | GenLoss 10.3310 | 469.0s
  Epoch 002 | Step 3400/4528 | Loss 3.5901 | ClsLoss 0.7012 | GenLoss 10.3309 | 475.5s
  Epoch 002 | Step 3450/4528 | Loss 3.5902 | ClsLoss 0.7012 | GenLoss 10.3309 | 482.1s
  Epoch 002 | Step 3500/4528 | Loss 3.5902 | ClsLoss 0.7013 | GenLoss 10.3309 | 488.4s
  Epoch 002 | Step 3550/4528 | Loss 3.5901 | ClsLoss 0.7012 | GenLoss 10.3309 | 494.7s
  Epoch 002 | Step 3600/4528 | Loss 3.5901 | ClsLoss 0.7012 | GenLoss 10.3309 | 500.8s
  Epoch 002 | Step 3650/4528 | Loss 3.5900 | ClsLoss 0.7011 | GenLoss 10.3309 | 507.0s
  Epoch 002 | Step 3700/4528 | Loss 3.5901 | ClsLoss 0.7011 | GenLoss 10.3309 | 513.2s
  Epoch 002 | Step 3750/4528 | Loss 3.5900 | ClsLoss 0.7010 | GenLoss 10.3309 | 519.8s
  Epoch 002 | Step 3800/4528 | Loss 3.5899 | ClsLoss 0.7009 | GenLoss 10.3308 | 527.8s
  Epoch 002 | Step 3850/4528 | Loss 3.5898 | ClsLoss 0.7008 | GenLoss 10.3308 | 534.5s
  Epoch 002 | Step 3900/4528 | Loss 3.5899 | ClsLoss 0.7009 | GenLoss 10.3308 | 540.5s
  Epoch 002 | Step 3950/4528 | Loss 3.5899 | ClsLoss 0.7009 | GenLoss 10.3308 | 546.6s
  Epoch 002 | Step 4000/4528 | Loss 3.5899 | ClsLoss 0.7010 | GenLoss 10.3308 | 552.8s
  Epoch 002 | Step 4050/4528 | Loss 3.5900 | ClsLoss 0.7010 | GenLoss 10.3308 | 559.1s
  Epoch 002 | Step 4100/4528 | Loss 3.5900 | ClsLoss 0.7010 | GenLoss 10.3308 | 565.6s
  Epoch 002 | Step 4150/4528 | Loss 3.5900 | ClsLoss 0.7010 | GenLoss 10.3308 | 572.0s
  Epoch 002 | Step 4200/4528 | Loss 3.5900 | ClsLoss 0.7011 | GenLoss 10.3307 | 578.1s
  Epoch 002 | Step 4250/4528 | Loss 3.5900 | ClsLoss 0.7010 | GenLoss 10.3307 | 584.4s
  Epoch 002 | Step 4300/4528 | Loss 3.5899 | ClsLoss 0.7010 | GenLoss 10.3307 | 590.3s
  Epoch 002 | Step 4350/4528 | Loss 3.5900 | ClsLoss 0.7011 | GenLoss 10.3307 | 596.5s
  Epoch 002 | Step 4400/4528 | Loss 3.5899 | ClsLoss 0.7010 | GenLoss 10.3307 | 602.9s
  Epoch 002 | Step 4450/4528 | Loss 3.5900 | ClsLoss 0.7011 | GenLoss 10.3307 | 609.4s
  Epoch 002 | Step 4500/4528 | Loss 3.5899 | ClsLoss 0.7010 | GenLoss 10.3307 | 615.8s
  TRAIN → loss=3.5899 acc=0.5103 f1=0.5240
  VAL   → loss=3.5635 acc=0.5367 f1=0.5698 auc=0.545228125

────────────────────────────────────────────────────────────
Epoch 3/50  lr=8.83e-09
  Epoch 003 | Step   50/4528 | Loss 3.5835 | ClsLoss 0.6922 | GenLoss 10.3296 | 30.7s
  Epoch 003 | Step  100/4528 | Loss 3.5884 | ClsLoss 0.6993 | GenLoss 10.3295 | 37.1s
  Epoch 003 | Step  150/4528 | Loss 3.5889 | ClsLoss 0.7001 | GenLoss 10.3294 | 43.6s
  Epoch 003 | Step  200/4528 | Loss 3.5898 | ClsLoss 0.7014 | GenLoss 10.3295 | 49.8s
  Epoch 003 | Step  250/4528 | Loss 3.5893 | ClsLoss 0.7007 | GenLoss 10.3294 | 58.3s
  Epoch 003 | Step  300/4528 | Loss 3.5891 | ClsLoss 0.7004 | GenLoss 10.3294 | 66.2s
  Epoch 003 | Step  350/4528 | Loss 3.5889 | ClsLoss 0.7002 | GenLoss 10.3294 | 74.1s
  Epoch 003 | Step  400/4528 | Loss 3.5890 | ClsLoss 0.7003 | GenLoss 10.3293 | 82.0s
  Epoch 003 | Step  450/4528 | Loss 3.5891 | ClsLoss 0.7005 | GenLoss 10.3292 | 89.9s
  Epoch 003 | Step  500/4528 | Loss 3.5893 | ClsLoss 0.7008 | GenLoss 10.3292 | 98.1s
  Epoch 003 | Step  550/4528 | Loss 3.5890 | ClsLoss 0.7004 | GenLoss 10.3292 | 106.2s
  Epoch 003 | Step  600/4528 | Loss 3.5890 | ClsLoss 0.7004 | GenLoss 10.3291 | 113.6s
  Epoch 003 | Step  650/4528 | Loss 3.5891 | ClsLoss 0.7006 | GenLoss 10.3291 | 120.0s
  Epoch 003 | Step  700/4528 | Loss 3.5892 | ClsLoss 0.7006 | GenLoss 10.3291 | 126.2s
  Epoch 003 | Step  750/4528 | Loss 3.5894 | ClsLoss 0.7009 | GenLoss 10.3291 | 132.5s
  Epoch 003 | Step  800/4528 | Loss 3.5894 | ClsLoss 0.7010 | GenLoss 10.3290 | 138.5s
  Epoch 003 | Step  850/4528 | Loss 3.5891 | ClsLoss 0.7006 | GenLoss 10.3290 | 144.9s
  Epoch 003 | Step  900/4528 | Loss 3.5890 | ClsLoss 0.7005 | GenLoss 10.3290 | 153.2s
  Epoch 003 | Step  950/4528 | Loss 3.5888 | ClsLoss 0.7002 | GenLoss 10.3290 | 162.1s
  Epoch 003 | Step 1000/4528 | Loss 3.5887 | ClsLoss 0.7000 | GenLoss 10.3290 | 169.8s
  Epoch 003 | Step 1050/4528 | Loss 3.5887 | ClsLoss 0.7000 | GenLoss 10.3290 | 178.2s
  Epoch 003 | Step 1100/4528 | Loss 3.5888 | ClsLoss 0.7001 | GenLoss 10.3290 | 185.1s
  Epoch 003 | Step 1150/4528 | Loss 3.5891 | ClsLoss 0.7006 | GenLoss 10.3289 | 191.0s
  Epoch 003 | Step 1200/4528 | Loss 3.5891 | ClsLoss 0.7006 | GenLoss 10.3289 | 198.6s
  Epoch 003 | Step 1250/4528 | Loss 3.5891 | ClsLoss 0.7006 | GenLoss 10.3289 | 204.5s
  Epoch 003 | Step 1300/4528 | Loss 3.5890 | ClsLoss 0.7005 | GenLoss 10.3289 | 210.8s
  Epoch 003 | Step 1350/4528 | Loss 3.5890 | ClsLoss 0.7005 | GenLoss 10.3288 | 216.9s
  Epoch 003 | Step 1400/4528 | Loss 3.5891 | ClsLoss 0.7007 | GenLoss 10.3288 | 223.0s
  Epoch 003 | Step 1450/4528 | Loss 3.5890 | ClsLoss 0.7005 | GenLoss 10.3288 | 229.3s
  Epoch 003 | Step 1500/4528 | Loss 3.5891 | ClsLoss 0.7007 | GenLoss 10.3287 | 235.4s
  Epoch 003 | Step 1550/4528 | Loss 3.5890 | ClsLoss 0.7005 | GenLoss 10.3287 | 241.7s
  Epoch 003 | Step 1600/4528 | Loss 3.5891 | ClsLoss 0.7007 | GenLoss 10.3287 | 248.0s
  Epoch 003 | Step 1650/4528 | Loss 3.5890 | ClsLoss 0.7005 | GenLoss 10.3287 | 254.1s
  Epoch 003 | Step 1700/4528 | Loss 3.5888 | ClsLoss 0.7003 | GenLoss 10.3287 | 259.9s
  Epoch 003 | Step 1750/4528 | Loss 3.5887 | ClsLoss 0.7002 | GenLoss 10.3286 | 266.1s
  Epoch 003 | Step 1800/4528 | Loss 3.5888 | ClsLoss 0.7002 | GenLoss 10.3286 | 272.1s
  Epoch 003 | Step 1850/4528 | Loss 3.5888 | ClsLoss 0.7003 | GenLoss 10.3286 | 278.5s
  Epoch 003 | Step 1900/4528 | Loss 3.5887 | ClsLoss 0.7002 | GenLoss 10.3286 | 284.2s
  Epoch 003 | Step 1950/4528 | Loss 3.5886 | ClsLoss 0.7000 | GenLoss 10.3285 | 290.8s
  Epoch 003 | Step 2000/4528 | Loss 3.5885 | ClsLoss 0.7000 | GenLoss 10.3285 | 296.8s
  Epoch 003 | Step 2050/4528 | Loss 3.5885 | ClsLoss 0.6999 | GenLoss 10.3285 | 302.7s
  Epoch 003 | Step 2100/4528 | Loss 3.5884 | ClsLoss 0.6999 | GenLoss 10.3285 | 309.1s
  Epoch 003 | Step 2150/4528 | Loss 3.5884 | ClsLoss 0.6999 | GenLoss 10.3284 | 315.2s
  Epoch 003 | Step 2200/4528 | Loss 3.5884 | ClsLoss 0.6998 | GenLoss 10.3284 | 321.5s
  Epoch 003 | Step 2250/4528 | Loss 3.5884 | ClsLoss 0.6998 | GenLoss 10.3284 | 327.3s
  Epoch 003 | Step 2300/4528 | Loss 3.5884 | ClsLoss 0.6998 | GenLoss 10.3284 | 333.7s
  Epoch 003 | Step 2350/4528 | Loss 3.5884 | ClsLoss 0.6999 | GenLoss 10.3283 | 339.7s
  Epoch 003 | Step 2400/4528 | Loss 3.5884 | ClsLoss 0.6999 | GenLoss 10.3283 | 346.1s
  Epoch 003 | Step 2450/4528 | Loss 3.5883 | ClsLoss 0.6998 | GenLoss 10.3283 | 352.2s
  Epoch 003 | Step 2500/4528 | Loss 3.5884 | ClsLoss 0.6998 | GenLoss 10.3283 | 358.5s
  Epoch 003 | Step 2550/4528 | Loss 3.5884 | ClsLoss 0.6999 | GenLoss 10.3282 | 364.8s
  Epoch 003 | Step 2600/4528 | Loss 3.5884 | ClsLoss 0.7000 | GenLoss 10.3282 | 370.4s
  Epoch 003 | Step 2650/4528 | Loss 3.5885 | ClsLoss 0.7000 | GenLoss 10.3282 | 376.4s
  Epoch 003 | Step 2700/4528 | Loss 3.5885 | ClsLoss 0.7000 | GenLoss 10.3282 | 383.7s
  Epoch 003 | Step 2750/4528 | Loss 3.5885 | ClsLoss 0.7001 | GenLoss 10.3281 | 391.5s
  Epoch 003 | Step 2800/4528 | Loss 3.5886 | ClsLoss 0.7002 | GenLoss 10.3281 | 399.9s
  Epoch 003 | Step 2850/4528 | Loss 3.5886 | ClsLoss 0.7002 | GenLoss 10.3281 | 406.8s
  Epoch 003 | Step 2900/4528 | Loss 3.5887 | ClsLoss 0.7004 | GenLoss 10.3280 | 413.0s
  Epoch 003 | Step 2950/4528 | Loss 3.5887 | ClsLoss 0.7004 | GenLoss 10.3280 | 419.3s
  Epoch 003 | Step 3000/4528 | Loss 3.5887 | ClsLoss 0.7004 | GenLoss 10.3280 | 425.4s
  Epoch 003 | Step 3050/4528 | Loss 3.5887 | ClsLoss 0.7004 | GenLoss 10.3280 | 431.6s
  Epoch 003 | Step 3100/4528 | Loss 3.5887 | ClsLoss 0.7004 | GenLoss 10.3279 | 438.1s
  Epoch 003 | Step 3150/4528 | Loss 3.5887 | ClsLoss 0.7004 | GenLoss 10.3279 | 443.8s
  Epoch 003 | Step 3200/4528 | Loss 3.5887 | ClsLoss 0.7004 | GenLoss 10.3279 | 449.8s
  Epoch 003 | Step 3250/4528 | Loss 3.5886 | ClsLoss 0.7004 | GenLoss 10.3279 | 455.6s
  Epoch 003 | Step 3300/4528 | Loss 3.5886 | ClsLoss 0.7004 | GenLoss 10.3278 | 461.5s
  Epoch 003 | Step 3350/4528 | Loss 3.5886 | ClsLoss 0.7004 | GenLoss 10.3278 | 467.7s
  Epoch 003 | Step 3400/4528 | Loss 3.5886 | ClsLoss 0.7004 | GenLoss 10.3278 | 473.9s
  Epoch 003 | Step 3450/4528 | Loss 3.5887 | ClsLoss 0.7005 | GenLoss 10.3278 | 479.8s
  Epoch 003 | Step 3500/4528 | Loss 3.5886 | ClsLoss 0.7004 | GenLoss 10.3278 | 486.1s
  Epoch 003 | Step 3550/4528 | Loss 3.5887 | ClsLoss 0.7005 | GenLoss 10.3277 | 492.2s
  Epoch 003 | Step 3600/4528 | Loss 3.5886 | ClsLoss 0.7004 | GenLoss 10.3277 | 498.4s
  Epoch 003 | Step 3650/4528 | Loss 3.5886 | ClsLoss 0.7004 | GenLoss 10.3277 | 505.0s
  Epoch 003 | Step 3700/4528 | Loss 3.5886 | ClsLoss 0.7004 | GenLoss 10.3277 | 511.1s
  Epoch 003 | Step 3750/4528 | Loss 3.5886 | ClsLoss 0.7004 | GenLoss 10.3276 | 517.2s
  Epoch 003 | Step 3800/4528 | Loss 3.5885 | ClsLoss 0.7003 | GenLoss 10.3276 | 523.2s
  Epoch 003 | Step 3850/4528 | Loss 3.5885 | ClsLoss 0.7004 | GenLoss 10.3276 | 529.3s
  Epoch 003 | Step 3900/4528 | Loss 3.5886 | ClsLoss 0.7004 | GenLoss 10.3276 | 535.7s
  Epoch 003 | Step 3950/4528 | Loss 3.5886 | ClsLoss 0.7005 | GenLoss 10.3275 | 541.7s
  Epoch 003 | Step 4000/4528 | Loss 3.5886 | ClsLoss 0.7005 | GenLoss 10.3275 | 547.9s
  Epoch 003 | Step 4050/4528 | Loss 3.5886 | ClsLoss 0.7005 | GenLoss 10.3275 | 555.4s
  Epoch 003 | Step 4100/4528 | Loss 3.5886 | ClsLoss 0.7006 | GenLoss 10.3275 | 563.1s
  Epoch 003 | Step 4150/4528 | Loss 3.5886 | ClsLoss 0.7005 | GenLoss 10.3274 | 570.4s
  Epoch 003 | Step 4200/4528 | Loss 3.5885 | ClsLoss 0.7004 | GenLoss 10.3274 | 576.4s
  Epoch 003 | Step 4250/4528 | Loss 3.5885 | ClsLoss 0.7004 | GenLoss 10.3274 | 582.5s
  Epoch 003 | Step 4300/4528 | Loss 3.5885 | ClsLoss 0.7004 | GenLoss 10.3273 | 588.4s
  Epoch 003 | Step 4350/4528 | Loss 3.5885 | ClsLoss 0.7004 | GenLoss 10.3273 | 594.4s
  Epoch 003 | Step 4400/4528 | Loss 3.5885 | ClsLoss 0.7004 | GenLoss 10.3273 | 600.4s
  Epoch 003 | Step 4450/4528 | Loss 3.5885 | ClsLoss 0.7004 | GenLoss 10.3273 | 607.0s
  Epoch 003 | Step 4500/4528 | Loss 3.5885 | ClsLoss 0.7004 | GenLoss 10.3272 | 613.0s
  TRAIN → loss=3.5885 acc=0.5112 f1=0.5217
  VAL   → loss=3.5612 acc=0.5385 f1=0.5743 auc=0.54718725

────────────────────────────────────────────────────────────
Epoch 4/50  lr=1.33e-08
  Epoch 004 | Step   50/4528 | Loss 3.5885 | ClsLoss 0.7014 | GenLoss 10.3252 | 31.0s
  Epoch 004 | Step  100/4528 | Loss 3.5877 | ClsLoss 0.7004 | GenLoss 10.3249 | 37.2s
  Epoch 004 | Step  150/4528 | Loss 3.5869 | ClsLoss 0.6993 | GenLoss 10.3248 | 43.7s
  Epoch 004 | Step  200/4528 | Loss 3.5873 | ClsLoss 0.6998 | GenLoss 10.3247 | 50.4s
  Epoch 004 | Step  250/4528 | Loss 3.5880 | ClsLoss 0.7008 | GenLoss 10.3247 | 56.5s
  Epoch 004 | Step  300/4528 | Loss 3.5878 | ClsLoss 0.7006 | GenLoss 10.3247 | 62.7s
  Epoch 004 | Step  350/4528 | Loss 3.5876 | ClsLoss 0.7003 | GenLoss 10.3247 | 69.1s
  Epoch 004 | Step  400/4528 | Loss 3.5879 | ClsLoss 0.7008 | GenLoss 10.3246 | 75.2s
  Epoch 004 | Step  450/4528 | Loss 3.5874 | ClsLoss 0.7000 | GenLoss 10.3246 | 81.4s
  Epoch 004 | Step  500/4528 | Loss 3.5872 | ClsLoss 0.6998 | GenLoss 10.3245 | 87.5s
  Epoch 004 | Step  550/4528 | Loss 3.5869 | ClsLoss 0.6994 | GenLoss 10.3245 | 93.7s
  Epoch 004 | Step  600/4528 | Loss 3.5874 | ClsLoss 0.7001 | GenLoss 10.3244 | 99.8s
  Epoch 004 | Step  650/4528 | Loss 3.5869 | ClsLoss 0.6995 | GenLoss 10.3244 | 106.1s
  Epoch 004 | Step  700/4528 | Loss 3.5870 | ClsLoss 0.6995 | GenLoss 10.3244 | 112.2s
  Epoch 004 | Step  750/4528 | Loss 3.5869 | ClsLoss 0.6994 | GenLoss 10.3244 | 118.1s
  Epoch 004 | Step  800/4528 | Loss 3.5869 | ClsLoss 0.6994 | GenLoss 10.3243 | 124.1s
  Epoch 004 | Step  850/4528 | Loss 3.5869 | ClsLoss 0.6994 | GenLoss 10.3243 | 130.3s
  Epoch 004 | Step  900/4528 | Loss 3.5870 | ClsLoss 0.6997 | GenLoss 10.3242 | 136.2s
  Epoch 004 | Step  950/4528 | Loss 3.5872 | ClsLoss 0.6999 | GenLoss 10.3242 | 142.7s
  Epoch 004 | Step 1000/4528 | Loss 3.5873 | ClsLoss 0.7001 | GenLoss 10.3242 | 148.8s
  Epoch 004 | Step 1050/4528 | Loss 3.5873 | ClsLoss 0.7000 | GenLoss 10.3241 | 155.2s
  Epoch 004 | Step 1100/4528 | Loss 3.5874 | ClsLoss 0.7002 | GenLoss 10.3241 | 161.3s
  Epoch 004 | Step 1150/4528 | Loss 3.5875 | ClsLoss 0.7004 | GenLoss 10.3240 | 168.2s
Device: cuda
GPU: NVIDIA RTX A5000
Building DataLoaders …
Building HydraFakeNet …
Trainable parameters: 60,811,324

======================================================================
Starting training …
======================================================================


────────────────────────────────────────────────────────────
Epoch 1/150  lr=0.00e+00
  Epoch 001 | Step   50/2264 | Loss 3.5918 | ClsLoss 0.7033 | GenLoss 10.3316 | 36.6s
  Epoch 001 | Step  100/2264 | Loss 3.5917 | ClsLoss 0.7031 | GenLoss 10.3318 | 49.2s
  Epoch 001 | Step  150/2264 | Loss 3.5915 | ClsLoss 0.7028 | GenLoss 10.3317 | 61.2s
  Epoch 001 | Step  200/2264 | Loss 3.5914 | ClsLoss 0.7028 | GenLoss 10.3317 | 73.6s
  Epoch 001 | Step  250/2264 | Loss 3.5912 | ClsLoss 0.7025 | GenLoss 10.3316 | 86.2s
  Epoch 001 | Step  300/2264 | Loss 3.5914 | ClsLoss 0.7027 | GenLoss 10.3317 | 98.7s
  Epoch 001 | Step  350/2264 | Loss 3.5912 | ClsLoss 0.7024 | GenLoss 10.3317 | 110.9s
  Epoch 001 | Step  400/2264 | Loss 3.5909 | ClsLoss 0.7020 | GenLoss 10.3316 | 123.6s
  Epoch 001 | Step  450/2264 | Loss 3.5905 | ClsLoss 0.7015 | GenLoss 10.3316 | 136.0s
  Epoch 001 | Step  500/2264 | Loss 3.5905 | ClsLoss 0.7015 | GenLoss 10.3316 | 148.4s
  Epoch 001 | Step  550/2264 | Loss 3.5904 | ClsLoss 0.7013 | GenLoss 10.3316 | 160.8s
  Epoch 001 | Step  600/2264 | Loss 3.5905 | ClsLoss 0.7015 | GenLoss 10.3316 | 176.8s
  Epoch 001 | Step  650/2264 | Loss 3.5907 | ClsLoss 0.7017 | GenLoss 10.3316 | 192.8s
  Epoch 001 | Step  700/2264 | Loss 3.5907 | ClsLoss 0.7017 | GenLoss 10.3316 | 205.4s
  Epoch 001 | Step  750/2264 | Loss 3.5907 | ClsLoss 0.7017 | GenLoss 10.3316 | 217.6s
  Epoch 001 | Step  800/2264 | Loss 3.5910 | ClsLoss 0.7021 | GenLoss 10.3316 | 229.5s
  Epoch 001 | Step  850/2264 | Loss 3.5910 | ClsLoss 0.7021 | GenLoss 10.3316 | 241.6s
  Epoch 001 | Step  900/2264 | Loss 3.5910 | ClsLoss 0.7021 | GenLoss 10.3316 | 253.5s
  Epoch 001 | Step  950/2264 | Loss 3.5910 | ClsLoss 0.7022 | GenLoss 10.3316 | 265.5s
  Epoch 001 | Step 1000/2264 | Loss 3.5910 | ClsLoss 0.7022 | GenLoss 10.3316 | 277.8s
  Epoch 001 | Step 1050/2264 | Loss 3.5909 | ClsLoss 0.7020 | GenLoss 10.3316 | 289.4s
  Epoch 001 | Step 1100/2264 | Loss 3.5908 | ClsLoss 0.7019 | GenLoss 10.3316 | 302.4s
  Epoch 001 | Step 1150/2264 | Loss 3.5909 | ClsLoss 0.7020 | GenLoss 10.3316 | 314.0s
  Epoch 001 | Step 1200/2264 | Loss 3.5909 | ClsLoss 0.7021 | GenLoss 10.3316 | 326.0s
  Epoch 001 | Step 1250/2264 | Loss 3.5910 | ClsLoss 0.7021 | GenLoss 10.3316 | 337.4s
  Epoch 001 | Step 1300/2264 | Loss 3.5909 | ClsLoss 0.7021 | GenLoss 10.3316 | 349.3s
  Epoch 001 | Step 1350/2264 | Loss 3.5908 | ClsLoss 0.7018 | GenLoss 10.3316 | 360.9s
  Epoch 001 | Step 1400/2264 | Loss 3.5907 | ClsLoss 0.7018 | GenLoss 10.3316 | 372.8s
  Epoch 001 | Step 1450/2264 | Loss 3.5908 | ClsLoss 0.7018 | GenLoss 10.3316 | 384.8s
  Epoch 001 | Step 1500/2264 | Loss 3.5907 | ClsLoss 0.7018 | GenLoss 10.3316 | 396.2s
  Epoch 001 | Step 1550/2264 | Loss 3.5906 | ClsLoss 0.7017 | GenLoss 10.3316 | 408.1s
  Epoch 001 | Step 1600/2264 | Loss 3.5906 | ClsLoss 0.7016 | GenLoss 10.3316 | 419.8s
  Epoch 001 | Step 1650/2264 | Loss 3.5906 | ClsLoss 0.7016 | GenLoss 10.3316 | 432.0s
  Epoch 001 | Step 1700/2264 | Loss 3.5906 | ClsLoss 0.7017 | GenLoss 10.3316 | 444.4s
  Epoch 001 | Step 1750/2264 | Loss 3.5907 | ClsLoss 0.7017 | GenLoss 10.3316 | 455.8s
  Epoch 001 | Step 1800/2264 | Loss 3.5906 | ClsLoss 0.7017 | GenLoss 10.3316 | 467.6s
  Epoch 001 | Step 1850/2264 | Loss 3.5906 | ClsLoss 0.7016 | GenLoss 10.3316 | 479.3s
  Epoch 001 | Step 1900/2264 | Loss 3.5906 | ClsLoss 0.7016 | GenLoss 10.3316 | 491.8s
  Epoch 001 | Step 1950/2264 | Loss 3.5907 | ClsLoss 0.7017 | GenLoss 10.3316 | 503.6s
  Epoch 001 | Step 2000/2264 | Loss 3.5907 | ClsLoss 0.7018 | GenLoss 10.3316 | 515.8s
  Epoch 001 | Step 2050/2264 | Loss 3.5907 | ClsLoss 0.7017 | GenLoss 10.3316 | 528.2s
  Epoch 001 | Step 2100/2264 | Loss 3.5906 | ClsLoss 0.7016 | GenLoss 10.3316 | 540.4s
  Epoch 001 | Step 2150/2264 | Loss 3.5906 | ClsLoss 0.7016 | GenLoss 10.3316 | 551.8s
  Epoch 001 | Step 2200/2264 | Loss 3.5906 | ClsLoss 0.7016 | GenLoss 10.3316 | 563.6s
  Epoch 001 | Step 2250/2264 | Loss 3.5906 | ClsLoss 0.7017 | GenLoss 10.3316 | 576.2s
  TRAIN → loss=3.5907 acc=0.5093 f1=0.5237
  VAL   → loss=3.5652 acc=0.5373 f1=0.5728 auc=0.543794625

────────────────────────────────────────────────────────────
Epoch 2/150  lr=8.83e-09
  Epoch 002 | Step   50/2264 | Loss 3.5908 | ClsLoss 0.7018 | GenLoss 10.3318 | 37.0s
  Epoch 002 | Step  100/2264 | Loss 3.5902 | ClsLoss 0.7009 | GenLoss 10.3318 | 50.9s
  Epoch 002 | Step  150/2264 | Loss 3.5904 | ClsLoss 0.7013 | GenLoss 10.3317 | 64.4s
  Epoch 002 | Step  200/2264 | Loss 3.5903 | ClsLoss 0.7012 | GenLoss 10.3316 | 76.9s
  Epoch 002 | Step  250/2264 | Loss 3.5900 | ClsLoss 0.7008 | GenLoss 10.3316 | 88.3s
  Epoch 002 | Step  300/2264 | Loss 3.5901 | ClsLoss 0.7010 | GenLoss 10.3315 | 101.1s
  Epoch 002 | Step  350/2264 | Loss 3.5902 | ClsLoss 0.7012 | GenLoss 10.3315 | 112.8s
  Epoch 002 | Step  400/2264 | Loss 3.5903 | ClsLoss 0.7012 | GenLoss 10.3314 | 124.7s
  Epoch 002 | Step  450/2264 | Loss 3.5900 | ClsLoss 0.7009 | GenLoss 10.3314 | 136.7s
  Epoch 002 | Step  500/2264 | Loss 3.5901 | ClsLoss 0.7009 | GenLoss 10.3314 | 148.4s
  Epoch 002 | Step  550/2264 | Loss 3.5902 | ClsLoss 0.7011 | GenLoss 10.3314 | 159.9s
  Epoch 002 | Step  600/2264 | Loss 3.5902 | ClsLoss 0.7011 | GenLoss 10.3313 | 171.7s
