Device : cuda
GPU    : NVIDIA RTX A5000

Loading data …

Building model …
Total params     : 131,221,820
Trainable params : 72,118,844

================================================================================
 Epoch   TrainLoss   ClsLoss   GenLoss   TrainAcc   ValLoss   ValAcc   ValF1     AUC  Best
================================================================================
     1      4.4562    0.5999    6.1089     0.6430    4.5618   0.7880  0.7529  0.9053     *
Device : cuda
GPU    : NVIDIA RTX A5000

Loading data …

Building model …
Total params     : 131,221,820
Trainable params : 72,118,844

================================================================================
 Epoch   TrainLoss   ClsLoss   GenLoss   TrainAcc   ValLoss   ValAcc   ValF1     AUC  Best
================================================================================
     2      2.8727    0.3818    3.9402     0.8519    8.1078   0.8275  0.8003  0.9391     *
     3      1.7090    0.3363    2.2974     0.8802    9.6848   0.8625  0.8525  0.9477     *
     4      1.2685    0.2990    1.6840     0.9030   10.5869   0.8702  0.8629  0.9523     *
     5      1.0721    0.2771    1.4128     0.9162   11.0324   0.8800  0.8805  0.9550     *
     6      0.9648    0.2574    1.2680     0.9286   11.4949   0.8728  0.8696  0.9516      
     7      0.8975    0.2399    1.1794     0.9386   12.0870   0.8850  0.8841  0.9592     *
     8      0.8543    0.2255    1.1238     0.9458   12.6930   0.8772  0.8719  0.9482      
     9      0.8201    0.2158    1.0791     0.9514   12.6433   0.8818  0.8835  0.9468      
    10      0.7913    0.2068    1.0417     0.9563   13.2857   0.8860  0.8865  0.9572     *
    11      0.7698    0.1988    1.0146     0.9604   13.4398   0.8782  0.8805  0.9398      
Device : cuda
GPU    : NVIDIA RTX A5000

Loading data …

Building model …
Total params     : 131,221,820
Trainable params : 72,118,844

================================================================================
 Epoch   TrainLoss   ClsLoss   GenLoss   TrainAcc   ValLoss   ValAcc   ValF1     AUC  Best
================================================================================
    12      0.7536    0.1926    0.9941     0.9637   13.6522   0.8895  0.8876  0.9579     *
    13      0.7380    0.1862    0.9744     0.9671   13.6632   0.8858  0.8845  0.9503      
    14      0.7236    0.1791    0.9569     0.9709   13.8753   0.8765  0.8822  0.9453      
    15      0.7100    0.1736    0.9399     0.9738   14.0791   0.8825  0.8866  0.9448      
    16      0.6997    0.1686    0.9273     0.9759   14.1334   0.8782  0.8821  0.9448      
    17      0.6899    0.1649    0.9149     0.9780   14.2531   0.8928  0.8926  0.9550     *
    18      0.6827    0.1606    0.9065     0.9803   14.4708   0.8888  0.8910  0.9562      
    19      0.6735    0.1577    0.8946     0.9817   14.2542   0.8782  0.8836  0.9374      
    20      0.6647    0.1537    0.8837     0.9838   14.4208   0.8872  0.8910  0.9417      
    21      0.6583    0.1515    0.8756     0.9849   14.5105   0.8905  0.8940  0.9423      
    22      0.6655    0.1626    0.8810     0.9791   14.5145   0.8845  0.8887  0.9532      
    23      0.6565    0.1592    0.8696     0.9804   14.4113   0.8830  0.8886  0.9513      
    24      0.6541    0.1572    0.8671     0.9818   14.4284   0.8798  0.8823  0.9494      
Device : cuda
GPU    : NVIDIA RTX A5000

Loading data …

Building model …
Total params     : 131,221,820
Trainable params : 72,118,844

================================================================================
 Epoch   TrainLoss   ClsLoss   GenLoss   TrainAcc   ValLoss   ValAcc   ValF1     AUC  Best
================================================================================
    25      0.6408    0.1435    0.8540     0.9887   14.5004   0.8830  0.8866  0.9458      
    26      0.6359    0.1411    0.8479     0.9898   14.4214   0.8880  0.8920  0.9406      
    27      0.6314    0.1386    0.8425     0.9909   14.5406   0.8915  0.8923  0.9457      
    28      0.6265    0.1363    0.8366     0.9922   14.5862   0.8860  0.8900  0.9353      
    29      0.6228    0.1334    0.8325     0.9934   14.5321   0.8845  0.8883  0.9428      
    30      0.6193    0.1321    0.8281     0.9940   14.5991   0.8850  0.8881  0.9419      
    31      0.6180    0.1307    0.8269     0.9948   14.6037   0.8845  0.8889  0.9295      
    32      0.6135    0.1296    0.8209     0.9953   14.6001   0.8845  0.8881  0.9248      
    33      0.6095    0.1278    0.8159     0.9960   14.7085   0.8868  0.8887  0.9216      
    34      0.6074    0.1265    0.8135     0.9965   14.6713   0.8830  0.8871  0.9122      
    35      0.6135    0.1296    0.8208     0.9952   14.6729   0.8830  0.8863  0.9238      
    36      0.6086    0.1285    0.8144     0.9957   14.6453   0.8900  0.8922  0.9258      
    37      0.6098    0.1287    0.8161     0.9956   14.6061   0.8852  0.8895  0.9213      
    38      0.6199    0.1428    0.8244     0.9889   14.6169   0.8822  0.8869  0.9422      
    39      0.6183    0.1409    0.8229     0.9897   14.6320   0.8792  0.8845  0.9378      
    40      0.6165    0.1392    0.8211     0.9905   14.6503   0.8815  0.8859  0.9344      
    41      0.6157    0.1399    0.8196     0.9900   14.6542   0.8825  0.8869  0.9325      
    42      0.6177    0.1382    0.8232     0.9910   14.6494   0.8825  0.8869  0.9318      
    43      0.6174    0.1387    0.8225     0.9909   14.6552   0.8812  0.8855  0.9350      
    44      0.6154    0.1380    0.8201     0.9911   14.6516   0.8822  0.8864  0.9317      
    45      0.6154    0.1394    0.8195     0.9905   14.6514   0.8825  0.8867  0.9330      
================================================================================
Best val accuracy : 0.8928
