Inference log : C:\deepfake_project\runs\intern_exp2\logs\inference_ep011_20260824_102942.log
Checkpoint    : ./runs/intern_exp2/checkpoints/ep011.pth
Images        : ['1.jpg', '2.jpg', '3.jpg', '4.jpg']
Device        : cuda
GPU           : NVIDIA RTX A5000

Loading model ...
Loading checkpoint: ./runs/intern_exp2/checkpoints/ep011.pth
  epoch=11  stage=joint  missing=0  unexpected=0

Processing 4 image(s) ...


============================================================
  Image             : 1.jpg
  Classifier verdict: FAKE  (conf 66.7%)
============================================================

  [Raw LM output]
    <answer> fake </answer> the image is likely AI-generated based on obvious structural inconsistencies in facial proportions and symmetry. The eyes are unusually large, spaced wider than normal distances from each other or around the nose bridge--both of which deviate significantly from typical human anatomy. Additionally, there's a slight asymmetry between both sides of the face that appears unnatural when viewed together with standard biometric norms.
    while these clues strongly suggest artificial generation, more subtle artifacts follow naturally such as overly smooth skin texture without visible pores (sebaceutin absence), unnaturally sharp edges along contours like hairlines and earring details -- signs often seen in lower-complexity synthetic images created by generative models.
    further inspection reveals an inconsistent set of teeth, where some rows appear slightly open while others remain closed at once - indicative of imperfect simulation of natural articulation. Considering all observed elements — abnormal anatomical features accompanied by generator-specific artifacts — it becomes evident this is not merely challenging to classify but outright suspicious for being authentic photographic content. Therefore, the image should be evaluated as artificially generated rather than simply ambiguous. your task was clearly identifying multiple telltale signs of digital synthesis even at basic visual level. Based on clear deviations in facial proportion and significant missed fine details, I am confident enough to recommend this as an easy case study of low-difficulty detection of deepfake imagery.<|human_interaction|>
    I initiated the analysis armed with knowledge of common flaws faced during synthetic image creation. Having already identified several problematic traits, we now need a structured approach towards confirming our suspicions through expert-level reasoning aligned with forensic examination protocols.</subpar>The next step involves cross-referencing extracted symptoms against known lists of artifice-indicated discrepancies found in modern AI-rendered data. By systematically evaluating anatomical coherence alongside micro-details fidelity, we enhance confidence in distinguishing genuine capture vs. digitally imposed alteration</sup></subpara>. After thoroughly examining the logical fit of facial components and textures, another key indicator pointing toward virtual assembly lies in the overlooked small details. While the overall resolution might seem high due to crisp outlines and clarity, the lack of discernible reflections in accessories like earrings suggests something synthetically rendered. Such omissions frequently occur in AI-generated imgs because accurate rendering of complex light interactions remains beyond current modeling capabilities.
    Moreover, the design consistency of the clothing contrasts sharply with the shaky cam setup and abrupt focus transitions in the photograph—common shortcomings noted among lesser-developed AI generations wherein depth perception accuracy fails to match real-world complexity.</subpar> Synthesizing evidence
============================================================

============================================================
  Image             : 2.jpg
  Classifier verdict: FAKE  (conf 77.9%)
============================================================

  [Raw LM output]
    <answer> fake </answer> the image is likely AI-generated due to several apparent structural inconsistencies. The face exhibits multiple visual flaws that are easily detectable at a glance and strongly suggest artificial generation or manipulation. These include mismatched skin tones around facial features, asymmetrical eyes and eyebrows with unnatural curves in the mouth--common signs of distorted input data during synthesis. Additionally, there's an inconsistent expression where the open mouth doesn't align naturally with eye positioning relative to lighting direction.
    subtle artifacts such as overly smooth skin texture lacking natural pores/lines further support this conclusion through generator-specific anomalies. Considering both visible structural issues and subtle textural oversights, it becomes evident that these aspects deviate from what would be expected in a real photograph captured under normal conditions. Therefore, given enough observational cues pointing toward synthetic origin without needing complex reasoning involving physical laws or contextual elements, I confidently affirm that the image not represents truthfully depicted human imagery but rather has been synthesized by artful intelligence. <no></no>
    --- While no major violations of physics or context were observed (lacking intricate sub-step analysis), the combination of glaringly obvious anatomical distortions serves as strong evidence for its fictional nature within the bounds of logical inference. --- Given all observable discrepancies -- especially clear color mismatches, unnaturally shaped lips, uneven symmetry, and incongruent expressions - leading to a confident judgment: "the image is fake." It expresses noticeable technical inaccuracies typical of AI-generated content, making it amenable to quick detection without requiring deep forensic scrutiny.</image>
============================================================

============================================================
  Image             : 3.jpg
  Classifier verdict: REAL  (conf 82.3%)
============================================================

  [Raw LM output]
    <answer> fake </answer> <description>The image displays structural inconsistencies such as mismatched skin tones around the eyes and forehead, asymmetrical eye positioning, unnatural facial expressions--particularly of the mouth--and incorrect proportions between features like distance between the eyes. The presence of sharp edges along the hairline with insufficient soft blending further supports artificial generation.</subgraph></layered-image><color-violation>Inconsistent lighting across multiple faces raises suspicion</div>
    </root-parser>
    At first glance FAB seems mostly realistic but subtly off in appearance or detail, warranting a closer inspection to uncover more concrete indicators of AI manipulation.
    Upon closer examination,
    - While the overall structure appears human-like, subtle color variations are noticeable: face 1 is slightly lighter than face 2 (due to inconsistent d6), suggesting poor compositing.
    - Facial symmetry also feels compromised; both sides lack perfect alignment commonly seen even among casually aligned real human faces.
    - Proportions seem somewhat unusual - particularly the spacing between the eyes relative to other facial landmarks, contributing to an uncanny effect when viewed collectively.
    Looking deeper at texture and edge details:
    - Edges near the ears show signs of being artificially sharpened rather than naturally blurred out – this kind of inconsistency often occurs during synthetic morphing processes.<sup>[3]</sup> These artifacts align well within the scope of those typically introduced by generative models aiming to blend images seamlessly while preserving local coherence).
    When considering physical plausibility, there's something unnaturally idealized about all three faces combined -- perhaps they were generated synthetically before being composited together, which can be common in deepfake approaches where realism is prioritized over anatomical accuracy despite minor discrepancies).
    Conclusion
    --- Considering observed anomalies — including asymmetric coloring, proportion irregularities, expression incongruence, and overly clean edge transitions—the likelihood that this isn't entirely authentic increases significantly. Although not immediately obvious except for detailed scrutiny, these cumulative clues point toward it being synthesized using advanced AI techniques. Therefore, although appearing convincingly initially, careful analysis reveals several detectable markers pointing towards it being A4-level伪造。 It shows how digital art blended through sophisticated machine learning tools could result in seemingly believable composite portraits exhibiting detectable yet non-trivial flaws upon review. This confirms once again the complex nature of online visual authenticity verification tasks. However, given the clarity with which some aspects deviate from simulated naturalness—especially highlighting generator errors—it reinforces confidence in detecting similar fakes encountered via forensic means without triggering unnecessary alarmism regarding privacy security measures. Overall
============================================================

============================================================
  Image             : 4.jpg
  Classifier verdict: REAL  (conf 96.1%)
============================================================

  [Raw LM output]
    <answer> real </answer> The image appears authentic at a glance, with no obvious structural abnormalities. To determine the authenticity of this AI-generated face swap, we must examine three progressively subtle layers: first visual structure for glaring inconsistencies, then inspecting for generator-specific artifacts typically introduced by AI models, and finally evaluating physical plausibility through lighting behavior, focus consistency, or contextual mismatch. At the surface level--visual inspection-interpretation reveals that facial proportions are anatomically plausible (e.g., eye spacing), and there is only slight skin tone variation explained by partial head coverage. No expressions nor structures appear exaggerated or digitally manipulated.
    Moving beyond basic geometry, closer examination uncovers an unusual green artifact near one ear. While seemingly consistent with makeup or digital overlay, it raises cautious suspicion as not entirely attributable to natural variability in human appearance.
    Upon deeper scrutiny of texture & detail, the skin around the edges where it meets the neck shows unusually weak或less detailed textures than typical in genuine photographs。 This inconsistency suggests potential blending errors common in generated composites rather than naturally captured images.
    Contextually, although shadows align reasonably well with presumed light sources, minor discrepancies indicate possible post-generation manipulation since true shadow accuracy would be evident in professional photography settings like news broadcasts. Synthesizing all evidence - slightly altered color shading， incongruent edge detailing, and tentative weaknesses in textured realism - this image exhibits strong indicators of being medium-difficulty AGB-level fake using various隐手法如颈部拼贴和边缘数字处理。While not immediately detectable without deliberate analysis across multiple forensic dimensions, these cumulative clues suggest artificial generation despite its realistic veneer. Conclusion: Yes, the image likely represents a face-swapped individual detected via layered analytical reasoning requiring more than superficial observation but isn't overtly ridiculous enough to classify as easy AF. It exemplifies careful synthesis often found in Medium-DIFFICULT cases.
============================================================

============================================================
SUMMARY
============================================================
  Image           Verdict  Confidence
  --------------- -------- ----------
  1.jpg           FAKE     66.7%
  2.jpg           FAKE     77.9%
  3.jpg           REAL     82.3%
  4.jpg           REAL     96.1%
============================================================

Log saved to: C:\deepfake_project\runs\intern_exp2\logs\inference_ep011_20260824_102942.log
Done.
