Inference log : C:\Users\Admin\Desktop\ly project c 68\deepfake_project\runs\intern_exp2\logs\inference_best_20260428_144825.log
Checkpoint    : ./runs/intern_exp2/checkpoints/best.pth
Images        : ['1.jpg', '2.jpg', '3.jpg', '4.jpg']
Device        : cuda
GPU           : NVIDIA RTX A5000

Loading model ...
Loading checkpoint: ./runs/intern_exp2/checkpoints/best.pth
  epoch=7  stage=?  missing=0  unexpected=0

Processing 4 image(s) ...


============================================================
  Image             : 1.jpg
  Classifier verdict: FAKE  (conf 85.5%)
============================================================

  [Quick take]
    fake
============================================================

============================================================
  Image             : 2.jpg
  Classifier verdict: REAL  (conf 84.7%)
============================================================

  [Quick take]
    real
============================================================

============================================================
  Image             : 3.jpg
  Classifier verdict: REAL  (conf 94.9%)
============================================================

  [Quick take]
    real
============================================================

============================================================
  Image             : 4.jpg
  Classifier verdict: REAL  (conf 89.0%)
============================================================

  [Quick take]
    real
============================================================

============================================================
SUMMARY
============================================================
  Image           Verdict  Confidence
  --------------- -------- ----------
  1.jpg           FAKE     85.5%
  2.jpg           REAL     84.7%
  3.jpg           REAL     94.9%
  4.jpg           REAL     89.0%
============================================================

Log saved to: C:\Users\Admin\Desktop\ly project c 68\deepfake_project\runs\intern_exp2\logs\inference_best_20260428_144825.log
Done.
