Inference log : C:\Users\Admin\Desktop\ly project c 68\deepfake_project\runs\intern_exp2\logs\inference_ep010_20260903_104015.log
Checkpoint    : ./runs/intern_exp2/checkpoints/ep010.pth
Images        : ['multiple-faces.jpg']
Device        : cuda
GPU           : NVIDIA RTX A5000

Loading model ...
Loading checkpoint: ./runs/intern_exp2/checkpoints/ep010.pth
  epoch=10  stage=joint  missing=0  unexpected=0

Processing 1 image(s) ...


============================================================
  Image             : multiple-faces.jpg
  Classifier verdict: FAKE  (conf 67.4%)
============================================================

  [Raw LM output]
    <answer> fake </answer>

  Generated answer : FAKE
============================================================

============================================================
SUMMARY
============================================================
  Image           Verdict  Confidence
  --------------- -------- ----------
  multiple-faces.jpg FAKE     67.4%
============================================================

Log saved to: C:\Users\Admin\Desktop\ly project c 68\deepfake_project\runs\intern_exp2\logs\inference_ep010_20260903_104015.log
Done.
