Inference log : C:\Users\Admin\Desktop\ly project c 68\deepfake_project\runs\intern_exp2\logs\inference_ep011_20260820_105636.log
Checkpoint    : ./runs/intern_exp2/checkpoints/ep011.pth
Images        : ['1.jpg', '2.jpg', '3.jpg', '4.jpg']
Device        : cuda
GPU           : NVIDIA RTX A5000

Loading model ...
Loading checkpoint: ./runs/intern_exp2/checkpoints/ep011.pth
  epoch=11  stage=joint  missing=0  unexpected=0

Processing 4 image(s) ...


============================================================
  Image             : 1.jpg
  Classifier verdict: FAKE  (conf 66.7%)
============================================================

  [Raw LM output]
    <answer> fake </answer> <summary> real </summary> The image appears to be a genuine photograph at first glance, with natural facial features and lighting. Upon visual inspection, the skin tone is consistent across different regions of the face--no abrupt color shifts or mismatches suggest manipulation such as face-swapping. Facial structure also aligns naturally; eyes are symmetrically aligned above a proportional nose, while eyebrows conform to expected anatomical curvature.
    Further examination reveals no subtle generator artifacts typically introduced in AI-generated images:
    - Edges around beard hairs appear soft and organic,
    - Skin texture exhibits realistic pores without unnatural smoothing or noise patterns,
    And there are no signs of blending boundaries or blocky transitions that often betray synthetic generation.
    Deeper scrutiny into physical plausibility confirms consistency: Lighting directions (or lack thereof) match consistently across faces A through C, suggesting coordinated illumination rather than post-synthesis alteration. Shadows on each side of their noses further imply either inconsistent light conditions -- but these shadows occur outdoors under apparent daylight none contradict logical expectations
    However it's important to remain cautious --- near-field focus issues could mislead verification if examined too closely. Yet based solely on structural integrity, alignment, textural realism, and adherence to natural optical laws this sample strongly points toward authenticity despite potential technical complexities. Considering all observed factors together, the image shows strong evidence of being authentic due to its coherent anatomy, absence of digital fingerprints, and compliance with natural photographic principles even when moderately challenging analysis is required. This supports our initial judgment placing it firmly within "easy" difficulty category. Given the high fidelity and completeness of supporting证据，final assessment confidently places this entry in the 'real' column after thorough evaluation. It requires moderate attention because of some nuanced checks needed, yet remains easily identifiable once proper analytical methods are applied. final conclusion: yes, the image is likely indeed real, though not immediately obvious like an easy sample would make you confident about your judgement instantly. Some detailed inspections were necessary for confirmation. --- While the overall reasoning seems solid, one critical point needs emphasis: Near field focusing inconsistencies may exist upon close review, although they aren't definitive indicators here given the abundance of other convincing real-image traits. And so we emphasize careful verification in small details before concluding confidencefully. In sum, meticulous observation across multiple forensic dimensions leads us to affirm this complex-sample claim with reasonable assurance! Despite facing minor cognitive load and requiring deeper inspection, the cumulative weight of verified characteristics carries substantial support behind this affirmation. Certification mark: Real [R] Based on systematic evaluation spanning
============================================================

============================================================
  Image             : 2.jpg
  Classifier verdict: FAKE  (conf 77.9%)
============================================================

  [Raw LM output]
    <answer> fake </answer> the image appears to be a real photograph at first glance, but subtle inconsistencies suggest it may not depict an actual person. Upon closer inspection, several visual structural abnormalities become apparent: there is slight asymmetry in facial features such as eyes and eyebrows; proportions like forehead width and eye spacing deviate from typical human norms -- these are early indicators of artificial generation or manipulation.
    Furthermore, more nuanced artifacts emerge when examining texture and edge definition:
    - The skin lacks natural variation - appearing overly smooth without visible pores or fine imperfections.
    - There's inconsistent blurring around key facial features (eyes and mouth) which disrupts expected sharpness and realism.
    - High-frequency details also seem missing despite clear photographic quality levels.
    Deeper analysis reveals violations of physical laws that further undermine confidence in authenticity:
    1) Lighting across the face fails to exhibit consistent shadowing under given direction,
    2) Background illumination does not align with surface lighting behavior,
    3) Optical focus discrepancy between subject and background raises suspicion
    4) Makeup highlights do not match light source orientation
    While no single clue alone might be dismissed entirely as synthetic origin, collectively they form a pattern indicative of AI-generated imagery rather than capture-ready photography. Considering both perceptible anomalies alongside deeper discrepancies rooted in physics-based expectations, this multi-layered evaluation supports concluding that the image was likely generated by AI algorithms instead of being authentic historical portrait摄影。 This high-level assessment requires careful reasoning through multiple forensic lenses, reflecting its synthetically complex nature even among seemingly realistic images.
============================================================

============================================================
  Image             : 3.jpg
  Classifier verdict: REAL  (conf 82.3%)
============================================================

  [Raw LM output]
    <answer> real </answer> image based on the detailed forensic analysis. Upon inspecting for visual structural abnormalities, no noticeable color mismatches or distortions are present in facial structure such as symmetry, expression alignment, or proportionality--indicating a natural appearance.
    Looking further into subtle artifacts from generation methods reveals that edges and textures appear smooth yet consistent with biological features; there is no evidence of blending boundaries, unnatural blurring, or missing high-frequency details like pores or hair strands. These aspects suggest authenticity rather than synthetic origin.
    At last examining whether any elements violate physical laws shows consistent lighting, plausible shadows under accessories aligns well with contextual expectations, supporting realism greatly. There's also no undue focus discrepancies between foreground subjects and background visuals suggesting coherent camera capture conditions overall. Considering all examined facets---from basic anatomical consistency to nuanced textural fidelity and deeper physical plausibility checks --the cumulative evidence consistently support this being an authentic photograph without signs of AI manipulation. The reasoning behind each observation leads logically towards reaching a confident conclusion. This makes it a relatively straightforward case despite its medium difficulty level due to need for careful but not exhaustive scrutiny. In summary, through systematic evaluation across multiple layers of imagery analytics —structural integrity, generator-specific artifacts, and physical coherence—the image demonstrates characteristics fully aligned with those expected of a genuine photo taken in realistic environmental interaction, confirming its status as authentic content.
    --- Given the clarity and precision required by both examiner indicators—both confirmatory and suggestive—it maintains a classification难度中等， requiring thoughtful synthesis devoid of superficially obvious giveaways often seen in easier cases.. Yet ultimately yields robust substantiation supporting reasoned judgment affirming "real".
============================================================

============================================================
  Image             : 4.jpg
  Classifier verdict: REAL  (conf 96.1%)
============================================================

  [Raw LM output]
    <answer> real </answer> The image appears to be authentic at a glance, with no obvious visual anomalies suggesting manipulation. Upon inspection of the structural elements shows consistent skin tones across facial regions and natural alignment of features such as eyes, nose, mouth, and eyebrows--indicating realistic composition rather than face-swapping or synthetic generation techniques like unnatural proportions or expression rigidity.
    Looking closer examination reveals smooth edges without artificial sharpening (crackiness), absence of hard blending boundaries, intact high-frequency biological details -- all pointing toward genuine photographic capture instead of generative models that often fail to replicate fine textures accurately. Furthermore, lighting directionality is coherent from both principal light sources on the subject's facing side and aligns logically with shadows cast—further confirming physical plausibility.
    There are no contextual mismatches between foreground subjects and background landmarks, nor any signs of stylization typically seen in AI-generated imagery where texture can exaggerate realism but lacks nuanced detail fidelity. However note there isn't perfect clarity which could mislead some analyses towards suspect categories; however this relates more to potential compression artifacts typical in video feeds used for sharing highlights versus manipulations. Considering overall coherence among multiple layers forensic indicators — including structural integrity, subtle textural consistency, adherence to physical laws – leads confidently enough to conclude it’s not an ordinary deepfake—itself indicative of sophisticated source ethics compared to its difficulty level! Ultimately despite minor caveats related to possible compression effects still do not override strong evidence supporting genuineness. Conclusion: Given thorough analysis showing agreement across major imaging flaws checks—with only slight caution advised due to potentially misleading compression nuances—the assessment supports belief it’s a legitimate photograph captured via camera而非AI生成的欺骗性图像。
    --- Above steps collectively support the classification - Real Image (+Medium) - reflecting detailed reasoning even though sample requires moderate effort to confirm authenticity comprehensively.
============================================================

============================================================
SUMMARY
============================================================
  Image           Verdict  Confidence
  --------------- -------- ----------
  1.jpg           FAKE     66.7%
  2.jpg           FAKE     77.9%
  3.jpg           REAL     82.3%
  4.jpg           REAL     96.1%
============================================================

Log saved to: C:\Users\Admin\Desktop\ly project c 68\deepfake_project\runs\intern_exp2\logs\inference_ep011_20260820_105636.log
Done.
