Inference log : C:\Users\Admin\Desktop\ly project c 68\deepfake_project\runs\intern_exp2\logs\inference_best_20260910_093511.log
Checkpoint    : ./runs/intern_exp3_corrective/checkpoints/best.pth
Images        : ['test1.png', 'test2.png', 'test3.png', 'test4.png']
Device        : cuda
GPU           : NVIDIA RTX A5000

Loading model ...
Loading checkpoint: ./runs/intern_exp3_corrective/checkpoints/best.pth
  epoch=1  stage=?  missing=0  unexpected=0

Processing 4 image(s) ...


============================================================
  Image             : test1.png
  Classifier verdict: FAKE  (conf 99.7%)
============================================================

  [Quick take]
    At first glance, the image appears realistic and does not raise immediate suspicion regarding its authenticity.

  [Planning]
    Given the lack of obvious structural issues, a deeper inspection is necessary. The analysis should proceed in a structured manner: first examining subtle visual inconsistencies, then evaluating generator-specific artifacts, and finally assessing whether any elements violate real-world physical constraints. This multi-layered approach is essential for detecting AI-generated content that mimics realism effectively.

  [Conclusion]
    Considering the cumulative weight of these observations, the image is best classified as medium difficulty due to the presence of subtle yet consistent indicators that suggest it was generated by AI rather than being a photograph of a real person.

  Generated answer : FAKE
============================================================

============================================================
  Image             : test2.png
  Classifier verdict: FAKE  (conf 98.4%)
============================================================

  [Quick take]
    At first glance, the image appears realistic and does not raise immediate suspicion regarding its authenticity.

  [Planning]
    To determine whether this image is AI-generated, I must proceed through a multi-stage analysis: first examining for any obvious structural inconsistencies, then inspecting for more subtle artifacts typically introduced by generative models, and finally evaluating whether the image violates known physical or contextual constraints. Since no clear anomalies are visible initially, a deeper forensic approach is necessary.

  [Reasoning]
    The face exhibits consistent skin tone, natural proportions, and a neutral expression--features that align with real human faces. There are no distortions in structure, asymmetries, or mismatches in facial components that would immediately suggest manipulation. The lighting and shadows appear coherent, and there is no evidence of makeup or focus discrepancies that defy realism.
    However, upon closer inspection, certain subtle imperfections emerge. The edges around the hairline and jawline lack the slight irregularities commonly seen in real photographs, appearing instead unnaturally smooth. Similarly, the skin texture is overly uniform, missing the fine details such as pores and micro-variations that are typical in high-resolution images of real skin. Additionally, the transition between the face and the background lacks the softness expected in natural photography, suggesting a blending boundary artifact. These are telltale signs of AI generation, though they are not immediately apparent without focused attention.

  [Reflection]
    While the image passes initial scrutiny and displays no overt signs of being fake, a detailed examination reveals subtle but meaningful artifacts--such as unnatural edge smoothness, missing skin texture detail, and an artificial blending boundary--that collectively indicate the image was generated by AI rather than captured photographically. This places it in the category of a medium-difficulty sample to detect.

  [Conclusion]
    Despite appearing authentic at first sight, a careful analysis of edge behavior, textural fidelity, and blending reveals subtle but telling signs of AI generation. Therefore, the image is likely synthetic, though not immediately obvious, placing it in the medium difficulty range.

  Generated answer : FAKE
============================================================

============================================================
  Image             : test3.png
  Classifier verdict: REAL  (conf 78.9%)
============================================================

  [Quick take]
    At first glance, the image appears authentic with no obvious signs of manipulation.

  [Reasoning]
    The facial features are proportionate and symmetrical, with consistent skin tone and natural expression, ruling out structural abnormalities. Upon closer inspection, the edges and textures appear smooth and realistic without any artificial artifacts such as unnatural blurring or missing fine details like pores. Furthermore, the lighting, shadows, and focus align with real-world physics and camera behavior, indicating no violation of natural laws.

  [Conclusion]
    Considering all visual, subtle, and physical evidence, the image is determined to be a genuine photograph of a real person.

  Generated answer : REAL
============================================================

============================================================
  Image             : test4.png
  Classifier verdict: REAL  (conf 93.9%)
============================================================

  [Quick take]
    At first glance, the image appears authentic with no obvious signs of manipulation.

  [Reasoning]
    Upon closer inspection, the facial structure is natural and symmetrical, with consistent skin tone and realistic proportions. There are no visible distortions or mismatches in expression that would suggest face-swapping or artificial generation. Subtle visual properties such as edge smoothness, texture realism, and absence of unnatural blur further support its authenticity. Additionally, the lighting and shadows align logically, and there are no inconsistencies between the subject and background. No misleading artifacts were found that could cast doubt on the image's legitimacy.

  [Conclusion]
    Considering all observed elements--structural consistency, absence of generator artifacts, and physical plausibility--it can be concluded that the image is authentic and not artificially generated.

  Generated answer : REAL
============================================================

============================================================
SUMMARY
============================================================
  Image           Verdict  Confidence
  --------------- -------- ----------
  test1.png       FAKE     99.7%
  test2.png       FAKE     98.4%
  test3.png       REAL     78.9%
  test4.png       REAL     93.9%
============================================================

Log saved to: C:\Users\Admin\Desktop\ly project c 68\deepfake_project\runs\intern_exp2\logs\inference_best_20260910_093511.log
Done.
