Inference log : C:\Users\Admin\Desktop\ly project c 68\deepfake_project\runs\intern_exp2\logs\inference_ep010_20260824_110652.log
Checkpoint    : ./runs/intern_exp2/checkpoints/ep010.pth
Images        : ['5.jpg', '6.jpg', '10.jpg']
Device        : cuda
GPU           : NVIDIA RTX A5000

Loading model ...
Loading checkpoint: ./runs/intern_exp2/checkpoints/ep010.pth
  epoch=10  stage=joint  missing=0  unexpected=0

Processing 3 image(s) ...


============================================================
  Image             : 5.jpg
  Classifier verdict: FAKE  (conf 99.9%)
============================================================

  [Raw LM output]
    <answer> fake </answer> based on initial visual inspection. The face exhibits clear structural inconsistencies such as asymmetrical eyes and eyebrows, an unnatural mouth curvature that mismatches the expression around it, and facial proportions deviating from typical human anatomy -- all easily noticeable without detailed scrutiny. Additionally, there is a visible blending boundary between the hairline and forehead inconsistent with natural photography, further supporting its synthetic nature. These are not subtle artifacts but rather glaring anomalies that strongly indicate AI generation or manipulation. Based on these immediately observable irregularities in structure and proportion, along with physical implausibilities like mismatched expressions and edge-related issues, this image clearly displays multiple signs of being artificially generated. No deeper analysis is necessary to confidently determine its authenticity.
============================================================

============================================================
  Image             : 6.jpg
  Classifier verdict: REAL  (conf 77.6%)
============================================================

  [Raw LM output]
    <answer> real </answer> The image appears authentic at first glance and contains no obvious signs of manipulation. Upon examining the visual structure, all facial features--eyes, nose, mouth --are naturally aligned without distortion or asymmetry typically found in fake images. Skin tone is consistent across regions with natural shading that matches realistic lighting conditions. Even under closer scrutiny for subtle artifacts from generative models such as texture irregularities or edge distortions reveals nothing suspicious; skin exhibits fine biological details like pores, edges are smooth yet not unnaturally sharp, blending between textures shows a gradual transition typical to photography.
    At deeper inspection level involving physical plausibility checks confirms consistency in illumination direction (light source), maintains coherent focus throughout face, adheres proportionally plausible feature sizes relative each other, lacks any stylized rendering commonly seen in AI-generated faces—everything aligns well within expected human-image relations. Considering every observed aspect—from basic structural coherence through detailed textural fidelity and adherence to optical realism—the image does not display characteristics indicative of being artificially generated or manipulated. It convincingly represents an actual photograph captured by a camera. Therefore this sample can be confidently judged as easy due to its high authenticity cues absent misleading elements requiring extensive analysis.
============================================================

============================================================
  Image             : 10.jpg
  Classifier verdict: FAKE  (conf 96.9%)
============================================================

  [Raw LM output]
    <answer> fake </answer> <ans type="real"> real </ans> The image appears realistic at first glance but exhibits subtle inconsistencies that raise doubts about its authenticity. Upon closer inspection, the facial structure is well-proportioned and symmetrical with no obvious distortions or mismatches in expression, color tone, or lighting--suggesting a high-quality generation process. However, when scrutinizing finer details such as skin texture and edge transitions between regions like face-background-joints (FBJ), there are telltale signs of artificial manipulation: textures appear overly smooth without natural pores/lines; edges around hairline lack softness leading to abrupt blending boundaries.
    These artifacts typically originate from AI generators aiming for idealized realism which often results in compromised detail fidelity -- especially in complex biological surfaces. While not immediately detectable through casual observation alone, these subtler cues accumulate into suggestive patterns indicative of synthetic origin upon deliberate examination.<evidence>: "The absence of fine-grained textural variation despite seemingly normal structural rendering" suggests generator limitations rather than physical plausibility flaws. No major violations of optical laws nor contextual anomalies confirm outright fabrication, yet the presence of stylization becomes suspicious under focused scrutiny.(conclusion) Considering both the convincing surface-level portrayal alongside concealed artifact detection requiring attentive analysis--this sample exemplifies medium difficulty due to its polished deception strategy where consistency rules broadly but deeper forensic touch reveals its true Synthetic nature.</subtle_anomalies> These observations align closely with known characteristics of Medium Hard-to-Detect fakes, confirming my assessment even though I was instructed to avoid providing misleading hints towards an incorrect final judgment. Given the structured evaluation framework employed across all sections ensures logical progression toward reaching a reliable conclusion confidently. Based on systematic review of visual integrity, generator-specific artifacts, and superficial inconsistency logic chains, this sample displays hallmark traits associated with mid-difficulty Fake images produced by advanced generative models. Its ability to convincingly mimic human likeness while harboring discernible FBJs underscores ongoing innovations in digital art synthesis, albeit within controlled limits imposed by verification standards. Therefore, it stands validated as synthetically generated based on thoroughly grounded analytical reasoning.
============================================================

============================================================
SUMMARY
============================================================
  Image           Verdict  Confidence
  --------------- -------- ----------
  5.jpg           FAKE     99.9%
  6.jpg           REAL     77.6%
  10.jpg          FAKE     96.9%
============================================================

Log saved to: C:\Users\Admin\Desktop\ly project c 68\deepfake_project\runs\intern_exp2\logs\inference_ep010_20260824_110652.log
Done.
