Inference log : C:\Users\Admin\Desktop\ly project c 68\deepfake_project\runs\intern_exp2\logs\inference_ep011_20260820_131915.log
Checkpoint    : ./runs/intern_exp2/checkpoints/ep011.pth
Images        : ['om.jpg', 'chick.jpg']
Device        : cuda
GPU           : NVIDIA RTX A5000

Loading model ...
Loading checkpoint: ./runs/intern_exp2/checkpoints/ep011.pth
  epoch=11  stage=joint  missing=0  unexpected=0

Processing 2 image(s) ...


============================================================
  Image             : om.jpg
  Classifier verdict: FAKE  (conf 81.6%)
============================================================

  [Raw LM output]
    <answer> fake </answer> <summary> The image is likely AI-generated due to the absence of natural skin textures and high-frequency details, with subtle inconsistencies in structure further supporting this conclusion. At a glance, structural abnormalities are evident: facial features such as eyes and eyebrows appear unnaturally large without realistic highlights or depth. Upon closer inspection, there are no visible pores, fine lines, or texture variation typically found on real human faces--key indicators pointing toward synthetic generation.</summary>
============================================================

============================================================
  Image             : chick.jpg
  Classifier verdict: FAKE  (conf 86.7%)
============================================================

  [Raw LM output]
    At first glance, the image appears highly realistic with no obvious signs of manipulation. The facial structure is proportionate and symmetrical without any visible distortion or mismatch in skin tone that could suggest a face swap or digital generation artifact. Upon closer inspection, there are smooth transitions along edges and textures consistent across different layers of hair and clothing--indicating natural rendering rather than synthetic output. Furthermore, lighting on both subjects aligns well within expected physical behavior; shadows cast by tree roots fall naturally under the canopy, and Pat's posture and focus depth appear contextually accurate for an outdoor photo session.
    To dive deeper into subtle cues, high-frequency details such as individual strands of hair remain intact—something often lost in AI-generated images—which further supports this assessment. Considering all observed elements—from structural coherence to contextual realism—it becomes clear that the photograph adheres closely to what one would expect from a genuine portrait taken outdoors using standard photographic techniques. Based on comprehensive visual analysis revealing consistency in color tones, anatomical accuracy, environmental harmony, absence of artificial artifacts, and preservation of fine detail, it can be reasonably concluded that the image does not exhibit significant signs of being fake—or at least none detectable within these key forensic categories. Therefore, despite its medium quality limitations, the evidence strongly leans towards authenticity.
    ```summary
    The reasoning meticulously examines various facets crucial for evaluating photorealism—including structural integrity, textural fidelity, adherence to physics—and finds ample support for the conclusion that the image is authentic. While the lower resolution introduces some ambiguity, it doesn't reveal misleading anomalies indicative of AI synthesis. Thus, based firmly on available clues, the image was likely captured via conventional photography.
    ```
    --- Given the holistic alignment between visual structures and real-world物理 properties, coupled with strong yet non-obvious supporting features like shadow casting and optical focus, the reasoned judgment remains confidently favorable toward genuineness while acknowledging moderate image quality constraints.\boxed{Real}
============================================================

============================================================
SUMMARY
============================================================
  Image           Verdict  Confidence
  --------------- -------- ----------
  om.jpg          FAKE     81.6%
  chick.jpg       FAKE     86.7%
============================================================

Log saved to: C:\Users\Admin\Desktop\ly project c 68\deepfake_project\runs\intern_exp2\logs\inference_ep011_20260820_131915.log
Done.
