Inference log : C:\Users\Admin\Desktop\ly project c 68\deepfake_project\runs\intern_exp2\logs\inference_ep011_20260824_110508.log
Checkpoint    : ./runs/intern_exp2/checkpoints/ep011.pth
Images        : ['5.jpg', '6.jpg', '10.jpg']
Device        : cuda
GPU           : NVIDIA RTX A5000

Loading model ...
Loading checkpoint: ./runs/intern_exp2/checkpoints/ep011.pth
  epoch=11  stage=joint  missing=0  unexpected=0

Processing 3 image(s) ...


============================================================
  Image             : 5.jpg
  Classifier verdict: FAKE  (conf 99.8%)
============================================================

  [Raw LM output]
    <answer> fake </answer> <fake_reasons> multiple unnatural features that are hard to reconcile in real human faces, such as overly smooth skin and slightly off facial structure  </fake_reasons> The image initially appears realistic but reveals several subtle yet telling signs of artificial generation. Upon close inspection, the face displays an unnaturally uniform texture with a lack of fine details like pores or minor blemishes--common traits in high-resolution photographs of humans. Additionally, there's slight asymmetry around key facial features (eyes, nose), which is atypical even for lightly stressed individuals. Edge sharpness along contours resembling hairline and neck lacks natural soft gradient usually present near transitions in genuine photos.
    Moreover, the lighting across the face remains uniformly flat without any directional shadows that would be expected under consistent light sources--a known artifact from generative models aiming to simulate realism while neglecting physical shadow behavior. Considering these observations together, it becomes evident that the image does not depict reality captured by cameras; instead, it aligns more closely with outputs generated through synthetic AI modeling, especially given the cumulative presence of textural inconsistencies, structural irregularities, and logical edge behaviors typical of deepfakes. While no single feature conclusively marks this as AI-generated, the aggregation of anomalies provides sufficient evidence to strongly suspect虚假。 This makes the authenticity assessment non-trivial despite being categorized as easy difficulty due to the clarity of detectable artifacts. Given the multitude of observable imperfections--ranging from surface textures to geometric alignments--it is reasonable to conclude that the image was artificially produced rather than photographed. These signatures point directly toward Generative Adversarial Network output, supporting the classification of the image as fake.<evidence> smooth皮肤纹理、面部结构轻微不对称性、边缘锐度不符合自然相机光晕等常见AI生成伪像，这些特征清晰且分布规律, 确认此图像为合成产物。<difficulty>e</difficulty>
============================================================

============================================================
  Image             : 6.jpg
  Classifier verdict: REAL  (conf 81.6%)
============================================================

  [Raw LM output]
    <answer> real </answer> the image appears authentic at first glance due to natural facial features and consistent lighting. A deeper examination reveals no visual structural abnormalities--skin tone is uniform, proportions are realistic, expression looks genuine without distortion or mismatching elements. Subtle artifacts often introduced by generative models—such as unnatural edges, texture discontinuities, missing high-frequency details like pores—are also absent; skin textures appear lifelike with appropriate detail preservation. Even under scrutiny of physical laws shows consistency in illumination direction across all faces, alignment between background and subjects' shadows, plausible optical focus distribution (e.g., sharp eyes vs. blurred forehead), and absence of any stylization that would hint artificial generation.
    based on this structured analysis spanning initial perception through detailed forensic inspection No signs of manipulation or synthetic fabrication were identified throughout, leading confidently toward a judgment of authenticity. The cumulative evidence strongly supports the conclusion that it was not generated using AI methods. All examined aspects align with those expected in an authentic photograph capturing真实human likeness。因此，该图像可以被认定为real 。
============================================================

============================================================
  Image             : 10.jpg
  Classifier verdict: FAKE  (conf 93.4%)
============================================================

  [Raw LM output]
    <answer> fake </answer> <real_fake> real </real_fake><reason_real>The facial features are structurally normal with consistent skin tone, natural expression, and realistic proportions. There is no visible distortion or asymmetry that would raise suspicion of a manipulated image.</reason_real>
    </chain-of-thought></linkable-chain> At first glance, the face appears naturally lit without any obvious inconsistencies in coloration or structure. A closer look reveals smooth edges around contours like the jawline and hairline to be unnaturally sharp—this often indicates AI generation when paired with other subtle artifacts such as overly clean textures and missing fine details.<commit>: Upon careful observation,<code class="python"> edge_cleanliness </code> stands out distinctly; here it exceeds typical human images' characteristics, suggesting synthetic creation rather than photographic capture. The absence of pores, minor blemishes, wrinkles, and textural variation further supports this assertion—the skin seems airbrushed and lacks organic irregularities.
    The lighting also raises concerns: while seemingly uniform on larger scales, there's an inconsistency under detailed scrutiny where shadows don't align well with expected light sources — hinting at digital manipulation meant for visual perfection but flawed upon deeper inspection.
    These clues aren’t random—it’s the cumulative effect of these subtleties that betray its artificial origin. Synthesizing all observations—a methodical approach across structural integrity, texture realism, and physical plausibility—all pointing toward algorithmic synthesis, makes it reasonable to conclude that indeed， this is not a genuine photograph—but rather, through hours of forensic examination, confidently identified as so](http://localhost).
============================================================

============================================================
SUMMARY
============================================================
  Image           Verdict  Confidence
  --------------- -------- ----------
  5.jpg           FAKE     99.8%
  6.jpg           REAL     81.6%
  10.jpg          FAKE     93.4%
============================================================

Log saved to: C:\Users\Admin\Desktop\ly project c 68\deepfake_project\runs\intern_exp2\logs\inference_ep011_20260824_110508.log
Done.
